
Optional file libmchp_peripheral.a not found

Optional file libmchp_peripheral_32MX220F032B.a not found
Archive member included because of file (symbol)

/Applications/microchip/xc32/v1.40/bin/bin/../../lib/gcc/pic32mx/4.8.3/../../../../pic32mx/lib/libpic32.a(default-bootstrap-exception-handler.o)
                              /Applications/microchip/xc32/v1.40/bin/bin/../../lib/gcc/pic32mx/4.8.3/../../../../pic32mx/lib/./proc/32MX220F032B/crt0_mips32r2.o (_bootstrap_exception_handler)
/Applications/microchip/xc32/v1.40/bin/bin/../../lib/gcc/pic32mx/4.8.3/../../../../pic32mx/lib/libpic32.a(default-on-reset.o)
                              /Applications/microchip/xc32/v1.40/bin/bin/../../lib/gcc/pic32mx/4.8.3/../../../../pic32mx/lib/./proc/32MX220F032B/crt0_mips32r2.o (_on_reset)
/Applications/microchip/xc32/v1.40/bin/bin/../../lib/gcc/pic32mx/4.8.3/../../../../pic32mx/lib/libpic32.a(default-on-bootstrap.o)
                              /Applications/microchip/xc32/v1.40/bin/bin/../../lib/gcc/pic32mx/4.8.3/../../../../pic32mx/lib/./proc/32MX220F032B/crt0_mips32r2.o (_on_bootstrap)
/Applications/microchip/xc32/v1.40/bin/bin/../../lib/gcc/pic32mx/4.8.3/../../../../pic32mx/lib/libpic32.a(default-nmi-handler.o)
                              /Applications/microchip/xc32/v1.40/bin/bin/../../lib/gcc/pic32mx/4.8.3/../../../../pic32mx/lib/./proc/32MX220F032B/crt0_mips32r2.o (_nmi_handler)
/Applications/microchip/xc32/v1.40/bin/bin/../../lib/gcc/pic32mx/4.8.3/../../../../pic32mx/lib/libpic32.a(general-exception.o)
                              /Applications/microchip/xc32/v1.40/bin/bin/../../lib/gcc/pic32mx/4.8.3/../../../../pic32mx/lib/./proc/32MX220F032B/crt0_mips32r2.o (_general_exception_context)
/Applications/microchip/xc32/v1.40/bin/bin/../../lib/gcc/pic32mx/4.8.3/../../../../pic32mx/lib/libpic32.a(vector0.o)
                              /Applications/microchip/xc32/v1.40/bin/bin/../../lib/gcc/pic32mx/4.8.3/../../../../pic32mx/lib/./proc/32MX220F032B/default_isr_vectors.o (__vector_dispatch_0)
/Applications/microchip/xc32/v1.40/bin/bin/../../lib/gcc/pic32mx/4.8.3/../../../../pic32mx/lib/libpic32.a(vector1.o)
                              /Applications/microchip/xc32/v1.40/bin/bin/../../lib/gcc/pic32mx/4.8.3/../../../../pic32mx/lib/./proc/32MX220F032B/default_isr_vectors.o (__vector_dispatch_1)
/Applications/microchip/xc32/v1.40/bin/bin/../../lib/gcc/pic32mx/4.8.3/../../../../pic32mx/lib/libpic32.a(vector2.o)
                              /Applications/microchip/xc32/v1.40/bin/bin/../../lib/gcc/pic32mx/4.8.3/../../../../pic32mx/lib/./proc/32MX220F032B/default_isr_vectors.o (__vector_dispatch_2)
/Applications/microchip/xc32/v1.40/bin/bin/../../lib/gcc/pic32mx/4.8.3/../../../../pic32mx/lib/libpic32.a(vector3.o)
                              /Applications/microchip/xc32/v1.40/bin/bin/../../lib/gcc/pic32mx/4.8.3/../../../../pic32mx/lib/./proc/32MX220F032B/default_isr_vectors.o (__vector_dispatch_3)
/Applications/microchip/xc32/v1.40/bin/bin/../../lib/gcc/pic32mx/4.8.3/../../../../pic32mx/lib/libpic32.a(vector4.o)
                              /Applications/microchip/xc32/v1.40/bin/bin/../../lib/gcc/pic32mx/4.8.3/../../../../pic32mx/lib/./proc/32MX220F032B/default_isr_vectors.o (__vector_dispatch_4)
/Applications/microchip/xc32/v1.40/bin/bin/../../lib/gcc/pic32mx/4.8.3/../../../../pic32mx/lib/libpic32.a(vector5.o)
                              /Applications/microchip/xc32/v1.40/bin/bin/../../lib/gcc/pic32mx/4.8.3/../../../../pic32mx/lib/./proc/32MX220F032B/default_isr_vectors.o (__vector_dispatch_5)
/Applications/microchip/xc32/v1.40/bin/bin/../../lib/gcc/pic32mx/4.8.3/../../../../pic32mx/lib/libpic32.a(vector6.o)
                              /Applications/microchip/xc32/v1.40/bin/bin/../../lib/gcc/pic32mx/4.8.3/../../../../pic32mx/lib/./proc/32MX220F032B/default_isr_vectors.o (__vector_dispatch_6)
/Applications/microchip/xc32/v1.40/bin/bin/../../lib/gcc/pic32mx/4.8.3/../../../../pic32mx/lib/libpic32.a(vector7.o)
                              /Applications/microchip/xc32/v1.40/bin/bin/../../lib/gcc/pic32mx/4.8.3/../../../../pic32mx/lib/./proc/32MX220F032B/default_isr_vectors.o (__vector_dispatch_7)
/Applications/microchip/xc32/v1.40/bin/bin/../../lib/gcc/pic32mx/4.8.3/../../../../pic32mx/lib/libpic32.a(vector8.o)
                              /Applications/microchip/xc32/v1.40/bin/bin/../../lib/gcc/pic32mx/4.8.3/../../../../pic32mx/lib/./proc/32MX220F032B/default_isr_vectors.o (__vector_dispatch_8)
/Applications/microchip/xc32/v1.40/bin/bin/../../lib/gcc/pic32mx/4.8.3/../../../../pic32mx/lib/libpic32.a(vector9.o)
                              /Applications/microchip/xc32/v1.40/bin/bin/../../lib/gcc/pic32mx/4.8.3/../../../../pic32mx/lib/./proc/32MX220F032B/default_isr_vectors.o (__vector_dispatch_9)
/Applications/microchip/xc32/v1.40/bin/bin/../../lib/gcc/pic32mx/4.8.3/../../../../pic32mx/lib/libpic32.a(vector10.o)
[...]
Memory Configuration

Name             Origin             Length             Attributes
exception_mem    0x9d000000         0x00000780
kseg0_program_mem 0x9d000780         0x00007880         xr
debug_exec_mem   0x9fc00490         0x00000760
kseg0_boot_mem   0x9fc00490         0x00000000
kseg1_boot_mem   0xbfc00000         0x00000490
config3          0xbfc00bf0         0x00000004
config2          0xbfc00bf4         0x00000004
config1          0xbfc00bf8         0x00000004
config0          0xbfc00bfc         0x00000004
kseg1_data_mem   0xa0000000         0x00002000         w !x
sfrs             0xbf800000         0x00100000
configsfrs       0xbfc00bf0         0x00000010
*default*        0x00000000         0xffffffff

Linker script and memory map

LOAD /Applications/microchip/xc32/v1.40/bin/bin/../../lib/gcc/pic32mx/4.8.3/../../../../pic32mx/lib/./proc/32MX220F032B/crt0_mips32r2.o
LOAD /Applications/microchip/xc32/v1.40/bin/bin/../../lib/gcc/pic32mx/4.8.3/../../../../pic32mx/lib/debug-exception-return.o
LOAD build/Lab1a_test_config/production/_ext/1360937237/app.o
LOAD build/Lab1a_test_config/production/_ext/1360937237/main.o
LOAD build/Lab1a_test_config/production/_ext/1271179505/sys_devcon.o
LOAD build/Lab1a_test_config/production/_ext/1271179505/sys_devcon_pic32mx.o
LOAD build/Lab1a_test_config/production/_ext/122796885/sys_int_pic32.o
LOAD build/Lab1a_test_config/production/_ext/77319752/sys_ports.o
LOAD build/Lab1a_test_config/production/_ext/718212305/drv_tmr_static.o
LOAD build/Lab1a_test_config/production/_ext/1529707679/sys_clk_static.o
LOAD build/Lab1a_test_config/production/_ext/1632120785/sys_ports_static.o
LOAD build/Lab1a_test_config/production/_ext/1297814442/system_init.o
LOAD build/Lab1a_test_config/production/_ext/1297814442/system_interrupt.o
LOAD build/Lab1a_test_config/production/_ext/1297814442/system_exceptions.o
LOAD build/Lab1a_test_config/production/_ext/1297814442/system_tasks.o
LOAD ../../../../bin/framework/peripheral/PIC32MX220F032B_peripherals.a
                0x00000001                __MPLAB_BUILD = 0x1
                0x00000000                _min_heap_size = 0x0
LOAD /Applications/microchip/xc32/v1.40/bin/bin/../../lib/gcc/pic32mx/4.8.3/../../../../pic32mx/lib/./proc/32MX220F032B/default_isr_vectors.o
LOAD /Applications/microchip/xc32/v1.40/bin/bin/../../lib/gcc/pic32mx/4.8.3/../../../../pic32mx/lib/pic32_software_reset.o
                0x00000400                PROVIDE (_min_stack_size, 0x400)
LOAD /Applications/microchip/xc32/v1.40/bin/bin/../../lib/gcc/pic32mx/4.8.3/../../../../pic32mx/lib/./proc/32MX220F032B/processor.o
START GROUP
LOAD libmchp_peripheral.a
END GROUP
START GROUP
LOAD libmchp_peripheral_32MX220F032B.a
END GROUP
                0x00000001                PROVIDE (_vector_spacing, 0x1)
                0x9d000000                _ebase_address = 0x9d000000
                0xbfc00000                _RESET_ADDR = 0xbfc00000
                0xbfc00380                _BEV_EXCPT_ADDR = 0xbfc00380
                0xbfc00480                _DBG_EXCPT_ADDR = 0xbfc00480
                0x9fc00490                _DBG_CODE_ADDR = 0x9fc00490
                0x00000760                _DBG_CODE_SIZE = 0x760
                0x9d000180                _GEN_EXCPT_ADDR = (_ebase_address + 0x180)

.config_BFC00BF0
                0xbfc00bf0        0x4
 *(.config_BFC00BF0)
 .config_BFC00BF0
                0xbfc00bf0        0x4 build/Lab1a_test_config/production/_ext/1297814442/system_init.o

.config_BFC00BF4
                0xbfc00bf4        0x4
 *(.config_BFC00BF4)
 .config_BFC00BF4
                0xbfc00bf4        0x4 build/Lab1a_test_config/production/_ext/1297814442/system_init.o

.config_BFC00BF8
                0xbfc00bf8        0x4
 *(.config_BFC00BF8)
 .config_BFC00BF8
                0xbfc00bf8        0x4 build/Lab1a_test_config/production/_ext/1297814442/system_init.o

.config_BFC00BFC
                0xbfc00bfc        0x4
 *(.config_BFC00BFC)
 .config_BFC00BFC
                0xbfc00bfc        0x4 build/Lab1a_test_config/production/_ext/1297814442/system_init.o
                0xbfc02000                PROVIDE (_DBG_CODE_ADDR, 0xbfc02000)
                0x00000ff0                PROVIDE (_DBG_CODE_SIZE, 0xff0)

.reset          0xbfc00000      0x1d0
 *(.reset)
 .reset         0xbfc00000        0x8 /Applications/microchip/xc32/v1.40/bin/bin/../../lib/gcc/pic32mx/4.8.3/../../../../pic32mx/lib/./proc/32MX220F032B/crt0_mips32r2.o
                0xbfc00000                _reset
 *(.reset.startup)
 .reset.startup
                0xbfc00008      0x1c8 /Applications/microchip/xc32/v1.40/bin/bin/../../lib/gcc/pic32mx/4.8.3/../../../../pic32mx/lib/./proc/32MX220F032B/crt0_mips32r2.o

.bev_excpt      0xbfc00380       0x10
 *(.bev_handler)
 .bev_handler   0xbfc00380       0x10 /Applications/microchip/xc32/v1.40/bin/bin/../../lib/gcc/pic32mx/4.8.3/../../../../pic32mx/lib/./proc/32MX220F032B/crt0_mips32r2.o

.dbg_excpt      0xbfc00480        0x0
                0xbfc00480                . = (. + DEFINED (_DEBUGGER)?0x8:0x0)

.dbg_code       0x9fc00490        0x0
                0x9fc00490                . = (. + DEFINED (_DEBUGGER)?_DBG_CODE_SIZE:0x0)

.app_excpt      0x9d000180       0x10
 *(.gen_handler)
 .gen_handler   0x9d000180       0x10 /Applications/microchip/xc32/v1.40/bin/bin/../../lib/gcc/pic32mx/4.8.3/../../../../pic32mx/lib/./proc/32MX220F032B/crt0_mips32r2.o

.vector_0       0x9d000200        0x8
 *(.vector_0)
 .vector_0      0x9d000200        0x8 /Applications/microchip/xc32/v1.40/bin/bin/../../lib/gcc/pic32mx/4.8.3/../../../../pic32mx/lib/libpic32.a(vector0.o)
                0x9d000200                __vector_dispatch_0
                0x00000001                ASSERT (((_vector_spacing == 0x0) || (SIZEOF (.vector_0) <= (_vector_spacing << 0x5))), function at exception vector 0 too large)

.vector_1       0x9d000220        0x8
 *(.vector_1)
 .vector_1      0x9d000220        0x8 /Applications/microchip/xc32/v1.40/bin/bin/../../lib/gcc/pic32mx/4.8.3/../../../../pic32mx/lib/libpic32.a(vector1.o)
                0x9d000220                __vector_dispatch_1
                0x00000001                ASSERT (((_vector_spacing == 0x0) || (SIZEOF (.vector_1) <= (_vector_spacing << 0x5))), function at exception vector 1 too large)

.vector_2       0x9d000240        0x8
 *(.vector_2)
 .vector_2      0x9d000240        0x8 /Applications/microchip/xc32/v1.40/bin/bin/../../lib/gcc/pic32mx/4.8.3/../../../../pic32mx/lib/libpic32.a(vector2.o)
                0x9d000240                __vector_dispatch_2
                0x00000001                ASSERT (((_vector_spacing == 0x0) || (SIZEOF (.vector_2) <= (_vector_spacing << 0x5))), function at exception vector 2 too large)

.vector_3       0x9d000260        0x8
 *(.vector_3)
 .vector_3      0x9d000260        0x8 /Applications/microchip/xc32/v1.40/bin/bin/../../lib/gcc/pic32mx/4.8.3/../../../../pic32mx/lib/libpic32.a(vector3.o)
                0x9d000260                __vector_dispatch_3
                0x00000001                ASSERT (((_vector_spacing == 0x0) || (SIZEOF (.vector_3) <= (_vector_spacing << 0x5))), function at exception vector 3 too large)

.vector_4       0x9d000280        0x8
 *(.vector_4)
 .vector_4      0x9d000280        0x8 /Applications/microchip/xc32/v1.40/bin/bin/../../lib/gcc/pic32mx/4.8.3/../../../../pic32mx/lib/libpic32.a(vector4.o)
                0x9d000280                __vector_dispatch_4
                0x00000001                ASSERT (((_vector_spacing == 0x0) || (SIZEOF (.vector_4) <= (_vector_spacing << 0x5))), function at exception vector 4 too large)

.vector_5       0x9d0002a0        0x8
 *(.vector_5)
 .vector_5      0x9d0002a0        0x8 /Applications/microchip/xc32/v1.40/bin/bin/../../lib/gcc/pic32mx/4.8.3/../../../../pic32mx/lib/libpic32.a(vector5.o)
                0x9d0002a0                __vector_dispatch_5
                0x00000001                ASSERT (((_vector_spacing == 0x0) || (SIZEOF (.vector_5) <= (_vector_spacing << 0x5))), function at exception vector 5 too large)

.vector_6       0x9d0002c0        0x8
 *(.vector_6)
 .vector_6      0x9d0002c0        0x8 /Applications/microchip/xc32/v1.40/bin/bin/../../lib/gcc/pic32mx/4.8.3/../../../../pic32mx/lib/libpic32.a(vector6.o)
                0x9d0002c0                __vector_dispatch_6
                0x00000001                ASSERT (((_vector_spacing == 0x0) || (SIZEOF (.vector_6) <= (_vector_spacing << 0x5))), function at exception vector 6 too large)

.vector_7       0x9d0002e0        0x8
 *(.vector_7)
 .vector_7      0x9d0002e0        0x8 /Applications/microchip/xc32/v1.40/bin/bin/../../lib/gcc/pic32mx/4.8.3/../../../../pic32mx/lib/libpic32.a(vector7.o)
                0x9d0002e0                __vector_dispatch_7
                0x00000001                ASSERT (((_vector_spacing == 0x0) || (SIZEOF (.vector_7) <= (_vector_spacing << 0x5))), function at exception vector 7 too large)

.vector_8       0x9d000300        0x8
 *(.vector_8)
 .vector_8      0x9d000300        0x8 /Applications/microchip/xc32/v1.40/bin/bin/../../lib/gcc/pic32mx/4.8.3/../../../../pic32mx/lib/libpic32.a(vector8.o)
                0x9d000300                __vector_dispatch_8
                0x00000001                ASSERT (((_vector_spacing == 0x0) || (SIZEOF (.vector_8) <= (_vector_spacing << 0x5))), function at exception vector 8 too large)

.vector_9       0x9d000320        0x8
 *(.vector_9)
 .vector_9      0x9d000320        0x8 /Applications/microchip/xc32/v1.40/bin/bin/../../lib/gcc/pic32mx/4.8.3/../../../../pic32mx/lib/libpic32.a(vector9.o)
                0x9d000320                __vector_dispatch_9
                0x00000001                ASSERT (((_vector_spacing == 0x0) || (SIZEOF (.vector_9) <= (_vector_spacing << 0x5))), function at exception vector 9 too large)

.vector_10      0x9d000340        0x8
 *(.vector_10)
 .vector_10     0x9d000340        0x8 /Applications/microchip/xc32/v1.40/bin/bin/../../lib/gcc/pic32mx/4.8.3/../../../../pic32mx/lib/libpic32.a(vector10.o)
                0x9d000340                __vector_dispatch_10
                0x00000001                ASSERT (((_vector_spacing == 0x0) || (SIZEOF (.vector_10) <= (_vector_spacing << 0x5))), function at exception vector 10 too large)

.vector_11      0x9d000360        0x8
 *(.vector_11)
 .vector_11     0x9d000360        0x8 /Applications/microchip/xc32/v1.40/bin/bin/../../lib/gcc/pic32mx/4.8.3/../../../../pic32mx/lib/libpic32.a(vector11.o)
                0x9d000360                __vector_dispatch_11
                0x00000001                ASSERT (((_vector_spacing == 0x0) || (SIZEOF (.vector_11) <= (_vector_spacing << 0x5))), function at exception vector 11 too large)

.vector_12      0x9d000380        0x8
 *(.vector_12)
 .vector_12     0x9d000380        0x8 build/Lab1a_test_config/production/_ext/1297814442/system_interrupt.o
                0x9d000380                __vector_dispatch_12
                0x00000001                ASSERT (((_vector_spacing == 0x0) || (SIZEOF (.vector_12) <= (_vector_spacing << 0x5))), function at exception vector 12 too large)

.vector_13      0x9d0003a0        0x8
 *(.vector_13)
 .vector_13     0x9d0003a0        0x8 /Applications/microchip/xc32/v1.40/bin/bin/../../lib/gcc/pic32mx/4.8.3/../../../../pic32mx/lib/libpic32.a(vector13.o)
                0x9d0003a0                __vector_dispatch_13
                0x00000001                ASSERT (((_vector_spacing == 0x0) || (SIZEOF (.vector_13) <= (_vector_spacing << 0x5))), function at exception vector 13 too large)

.vector_14      0x9d0003c0        0x8
 *(.vector_14)
 .vector_14     0x9d0003c0        0x8 /Applications/microchip/xc32/v1.40/bin/bin/../../lib/gcc/pic32mx/4.8.3/../../../../pic32mx/lib/libpic32.a(vector14.o)
                0x9d0003c0                __vector_dispatch_14
                0x00000001                ASSERT (((_vector_spacing == 0x0) || (SIZEOF (.vector_14) <= (_vector_spacing << 0x5))), function at exception vector 14 too large)

.vector_15      0x9d0003e0        0x8
 *(.vector_15)
 .vector_15     0x9d0003e0        0x8 /Applications/microchip/xc32/v1.40/bin/bin/../../lib/gcc/pic32mx/4.8.3/../../../../pic32mx/lib/libpic32.a(vector15.o)
                0x9d0003e0                __vector_dispatch_15
                0x00000001                ASSERT (((_vector_spacing == 0x0) || (SIZEOF (.vector_15) <= (_vector_spacing << 0x5))), function at exception vector 15 too large)

.vector_16      0x9d000400        0x8
 *(.vector_16)
 .vector_16     0x9d000400        0x8 /Applications/microchip/xc32/v1.40/bin/bin/../../lib/gcc/pic32mx/4.8.3/../../../../pic32mx/lib/libpic32.a(vector16.o)
                0x9d000400                __vector_dispatch_16
                0x00000001                ASSERT (((_vector_spacing == 0x0) || (SIZEOF (.vector_16) <= (_vector_spacing << 0x5))), function at exception vector 16 too large)

.vector_17      0x9d000420        0x8
 *(.vector_17)
 .vector_17     0x9d000420        0x8 /Applications/microchip/xc32/v1.40/bin/bin/../../lib/gcc/pic32mx/4.8.3/../../../../pic32mx/lib/libpic32.a(vector17.o)
                0x9d000420                __vector_dispatch_17
                0x00000001                ASSERT (((_vector_spacing == 0x0) || (SIZEOF (.vector_17) <= (_vector_spacing << 0x5))), function at exception vector 17 too large)

.vector_18      0x9d000440        0x8
 *(.vector_18)
 .vector_18     0x9d000440        0x8 /Applications/microchip/xc32/v1.40/bin/bin/../../lib/gcc/pic32mx/4.8.3/../../../../pic32mx/lib/libpic32.a(vector18.o)
                0x9d000440                __vector_dispatch_18
                0x00000001                ASSERT (((_vector_spacing == 0x0) || (SIZEOF (.vector_18) <= (_vector_spacing << 0x5))), function at exception vector 18 too large)

.vector_19      0x9d000460        0x8
 *(.vector_19)
 .vector_19     0x9d000460        0x8 /Applications/microchip/xc32/v1.40/bin/bin/../../lib/gcc/pic32mx/4.8.3/../../../../pic32mx/lib/libpic32.a(vector19.o)
                0x9d000460                __vector_dispatch_19
                0x00000001                ASSERT (((_vector_spacing == 0x0) || (SIZEOF (.vector_19) <= (_vector_spacing << 0x5))), function at exception vector 19 too large)

.vector_20      0x9d000480        0x8
 *(.vector_20)
 .vector_20     0x9d000480        0x8 /Applications/microchip/xc32/v1.40/bin/bin/../../lib/gcc/pic32mx/4.8.3/../../../../pic32mx/lib/libpic32.a(vector20.o)
                0x9d000480                __vector_dispatch_20
                0x00000001                ASSERT (((_vector_spacing == 0x0) || (SIZEOF (.vector_20) <= (_vector_spacing << 0x5))), function at exception vector 20 too large)

.vector_21      0x9d0004a0        0x8
 *(.vector_21)
 .vector_21     0x9d0004a0        0x8 /Applications/microchip/xc32/v1.40/bin/bin/../../lib/gcc/pic32mx/4.8.3/../../../../pic32mx/lib/libpic32.a(vector21.o)
                0x9d0004a0                __vector_dispatch_21
                0x00000001                ASSERT (((_vector_spacing == 0x0) || (SIZEOF (.vector_21) <= (_vector_spacing << 0x5))), function at exception vector 21 too large)

.vector_22      0x9d0004c0        0x8
 *(.vector_22)
 .vector_22     0x9d0004c0        0x8 /Applications/microchip/xc32/v1.40/bin/bin/../../lib/gcc/pic32mx/4.8.3/../../../../pic32mx/lib/libpic32.a(vector22.o)
                0x9d0004c0                __vector_dispatch_22
                0x00000001                ASSERT (((_vector_spacing == 0x0) || (SIZEOF (.vector_22) <= (_vector_spacing << 0x5))), function at exception vector 22 too large)

.vector_23      0x9d0004e0        0x8
 *(.vector_23)
 .vector_23     0x9d0004e0        0x8 /Applications/microchip/xc32/v1.40/bin/bin/../../lib/gcc/pic32mx/4.8.3/../../../../pic32mx/lib/libpic32.a(vector23.o)
                0x9d0004e0                __vector_dispatch_23
                0x00000001                ASSERT (((_vector_spacing == 0x0) || (SIZEOF (.vector_23) <= (_vector_spacing << 0x5))), function at exception vector 23 too large)

.vector_24      0x9d000500        0x8
 *(.vector_24)
 .vector_24     0x9d000500        0x8 /Applications/microchip/xc32/v1.40/bin/bin/../../lib/gcc/pic32mx/4.8.3/../../../../pic32mx/lib/libpic32.a(vector24.o)
                0x9d000500                __vector_dispatch_24
                0x00000001                ASSERT (((_vector_spacing == 0x0) || (SIZEOF (.vector_24) <= (_vector_spacing << 0x5))), function at exception vector 24 too large)

.vector_25      0x9d000520        0x8
 *(.vector_25)
 .vector_25     0x9d000520        0x8 /Applications/microchip/xc32/v1.40/bin/bin/../../lib/gcc/pic32mx/4.8.3/../../../../pic32mx/lib/libpic32.a(vector25.o)
                0x9d000520                __vector_dispatch_25
                0x00000001                ASSERT (((_vector_spacing == 0x0) || (SIZEOF (.vector_25) <= (_vector_spacing << 0x5))), function at exception vector 25 too large)

.vector_26      0x9d000540        0x8
 *(.vector_26)
 .vector_26     0x9d000540        0x8 /Applications/microchip/xc32/v1.40/bin/bin/../../lib/gcc/pic32mx/4.8.3/../../../../pic32mx/lib/libpic32.a(vector26.o)
                0x9d000540                __vector_dispatch_26
                0x00000001                ASSERT (((_vector_spacing == 0x0) || (SIZEOF (.vector_26) <= (_vector_spacing << 0x5))), function at exception vector 26 too large)

.vector_27      0x9d000560        0x8
 *(.vector_27)
 .vector_27     0x9d000560        0x8 /Applications/microchip/xc32/v1.40/bin/bin/../../lib/gcc/pic32mx/4.8.3/../../../../pic32mx/lib/libpic32.a(vector27.o)
                0x9d000560                __vector_dispatch_27
                0x00000001                ASSERT (((_vector_spacing == 0x0) || (SIZEOF (.vector_27) <= (_vector_spacing << 0x5))), function at exception vector 27 too large)

.vector_28      0x9d000580        0x8
 *(.vector_28)
 .vector_28     0x9d000580        0x8 /Applications/microchip/xc32/v1.40/bin/bin/../../lib/gcc/pic32mx/4.8.3/../../../../pic32mx/lib/libpic32.a(vector28.o)
                0x9d000580                __vector_dispatch_28
                0x00000001                ASSERT (((_vector_spacing == 0x0) || (SIZEOF (.vector_28) <= (_vector_spacing << 0x5))), function at exception vector 28 too large)

.vector_29      0x9d0005a0        0x8
 *(.vector_29)
 .vector_29     0x9d0005a0        0x8 /Applications/microchip/xc32/v1.40/bin/bin/../../lib/gcc/pic32mx/4.8.3/../../../../pic32mx/lib/libpic32.a(vector29.o)
                0x9d0005a0                __vector_dispatch_29
                0x00000001                ASSERT (((_vector_spacing == 0x0) || (SIZEOF (.vector_29) <= (_vector_spacing << 0x5))), function at exception vector 29 too large)

.vector_30      0x9d0005c0        0x8
 *(.vector_30)
 .vector_30     0x9d0005c0        0x8 /Applications/microchip/xc32/v1.40/bin/bin/../../lib/gcc/pic32mx/4.8.3/../../../../pic32mx/lib/libpic32.a(vector30.o)
                0x9d0005c0                __vector_dispatch_30
                0x00000001                ASSERT (((_vector_spacing == 0x0) || (SIZEOF (.vector_30) <= (_vector_spacing << 0x5))), function at exception vector 30 too large)

.vector_31      0x9d0005e0        0x8
 *(.vector_31)
 .vector_31     0x9d0005e0        0x8 /Applications/microchip/xc32/v1.40/bin/bin/../../lib/gcc/pic32mx/4.8.3/../../../../pic32mx/lib/libpic32.a(vector31.o)
                0x9d0005e0                __vector_dispatch_31
                0x00000001                ASSERT (((_vector_spacing == 0x0) || (SIZEOF (.vector_31) <= (_vector_spacing << 0x5))), function at exception vector 31 too large)

.vector_32      0x9d000600        0x8
 *(.vector_32)
 .vector_32     0x9d000600        0x8 /Applications/microchip/xc32/v1.40/bin/bin/../../lib/gcc/pic32mx/4.8.3/../../../../pic32mx/lib/libpic32.a(vector32.o)
                0x9d000600                __vector_dispatch_32
                0x00000001                ASSERT (((_vector_spacing == 0x0) || (SIZEOF (.vector_32) <= (_vector_spacing << 0x5))), function at exception vector 32 too large)

.vector_33      0x9d000620        0x8
 *(.vector_33)
 .vector_33     0x9d000620        0x8 /Applications/microchip/xc32/v1.40/bin/bin/../../lib/gcc/pic32mx/4.8.3/../../../../pic32mx/lib/libpic32.a(vector33.o)
                0x9d000620                __vector_dispatch_33
                0x00000001                ASSERT (((_vector_spacing == 0x0) || (SIZEOF (.vector_33) <= (_vector_spacing << 0x5))), function at exception vector 33 too large)

.vector_34      0x9d000640        0x8
 *(.vector_34)
 .vector_34     0x9d000640        0x8 /Applications/microchip/xc32/v1.40/bin/bin/../../lib/gcc/pic32mx/4.8.3/../../../../pic32mx/lib/libpic32.a(vector34.o)
                0x9d000640                __vector_dispatch_34
                0x00000001                ASSERT (((_vector_spacing == 0x0) || (SIZEOF (.vector_34) <= (_vector_spacing << 0x5))), function at exception vector 34 too large)

.vector_35      0x9d000660        0x8
 *(.vector_35)
 .vector_35     0x9d000660        0x8 /Applications/microchip/xc32/v1.40/bin/bin/../../lib/gcc/pic32mx/4.8.3/../../../../pic32mx/lib/libpic32.a(vector35.o)
                0x9d000660                __vector_dispatch_35
                0x00000001                ASSERT (((_vector_spacing == 0x0) || (SIZEOF (.vector_35) <= (_vector_spacing << 0x5))), function at exception vector 35 too large)

.vector_36      0x9d000680        0x8
 *(.vector_36)
 .vector_36     0x9d000680        0x8 /Applications/microchip/xc32/v1.40/bin/bin/../../lib/gcc/pic32mx/4.8.3/../../../../pic32mx/lib/libpic32.a(vector36.o)
                0x9d000680                __vector_dispatch_36
                0x00000001                ASSERT (((_vector_spacing == 0x0) || (SIZEOF (.vector_36) <= (_vector_spacing << 0x5))), function at exception vector 36 too large)

.vector_37      0x9d0006a0        0x8
 *(.vector_37)
 .vector_37     0x9d0006a0        0x8 /Applications/microchip/xc32/v1.40/bin/bin/../../lib/gcc/pic32mx/4.8.3/../../../../pic32mx/lib/libpic32.a(vector37.o)
                0x9d0006a0                __vector_dispatch_37
                0x00000001                ASSERT (((_vector_spacing == 0x0) || (SIZEOF (.vector_37) <= (_vector_spacing << 0x5))), function at exception vector 37 too large)

.vector_38      0x9d0006c0        0x8
 *(.vector_38)
 .vector_38     0x9d0006c0        0x8 /Applications/microchip/xc32/v1.40/bin/bin/../../lib/gcc/pic32mx/4.8.3/../../../../pic32mx/lib/libpic32.a(vector38.o)
                0x9d0006c0                __vector_dispatch_38
                0x00000001                ASSERT (((_vector_spacing == 0x0) || (SIZEOF (.vector_38) <= (_vector_spacing << 0x5))), function at exception vector 38 too large)

.vector_39      0x9d0006e0        0x8
 *(.vector_39)
 .vector_39     0x9d0006e0        0x8 /Applications/microchip/xc32/v1.40/bin/bin/../../lib/gcc/pic32mx/4.8.3/../../../../pic32mx/lib/libpic32.a(vector39.o)
                0x9d0006e0                __vector_dispatch_39
                0x00000001                ASSERT (((_vector_spacing == 0x0) || (SIZEOF (.vector_39) <= (_vector_spacing << 0x5))), function at exception vector 39 too large)

.vector_40      0x9d000700        0x8
 *(.vector_40)
 .vector_40     0x9d000700        0x8 /Applications/microchip/xc32/v1.40/bin/bin/../../lib/gcc/pic32mx/4.8.3/../../../../pic32mx/lib/libpic32.a(vector40.o)
                0x9d000700                __vector_dispatch_40
                0x00000001                ASSERT (((_vector_spacing == 0x0) || (SIZEOF (.vector_40) <= (_vector_spacing << 0x5))), function at exception vector 40 too large)

.vector_41      0x9d000720        0x8
 *(.vector_41)
 .vector_41     0x9d000720        0x8 /Applications/microchip/xc32/v1.40/bin/bin/../../lib/gcc/pic32mx/4.8.3/../../../../pic32mx/lib/libpic32.a(vector41.o)
                0x9d000720                __vector_dispatch_41
                0x00000001                ASSERT (((_vector_spacing == 0x0) || (SIZEOF (.vector_41) <= (_vector_spacing << 0x5))), function at exception vector 41 too large)

.vector_42      0x9d000740        0x8
 *(.vector_42)
 .vector_42     0x9d000740        0x8 /Applications/microchip/xc32/v1.40/bin/bin/../../lib/gcc/pic32mx/4.8.3/../../../../pic32mx/lib/libpic32.a(vector42.o)
                0x9d000740                __vector_dispatch_42
                0x00000001                ASSERT (((_vector_spacing == 0x0) || (SIZEOF (.vector_42) <= (_vector_spacing << 0x5))), function at exception vector 42 too large)

.vector_43      0x9d000760        0x8
 *(.vector_43)
 .vector_43     0x9d000760        0x8 /Applications/microchip/xc32/v1.40/bin/bin/../../lib/gcc/pic32mx/4.8.3/../../../../pic32mx/lib/libpic32.a(vector43.o)
                0x9d000760                __vector_dispatch_43
                0x00000001                ASSERT (((_vector_spacing == 0x0) || (SIZEOF (.vector_43) <= (_vector_spacing << 0x5))), function at exception vector 43 too large)

.vector_44      0x9d000780        0x0
 *(.vector_44)
                0x00000001                ASSERT (((_vector_spacing == 0x0) || (SIZEOF (.vector_44) <= (_vector_spacing << 0x5))), function at exception vector 44 too large)

.vector_45      0x9d0007a0        0x0
 *(.vector_45)
                0x00000001                ASSERT (((_vector_spacing == 0x0) || (SIZEOF (.vector_45) <= (_vector_spacing << 0x5))), function at exception vector 45 too large)

.vector_46      0x9d0007c0        0x0
 *(.vector_46)
                0x00000001                ASSERT (((_vector_spacing == 0x0) || (SIZEOF (.vector_46) <= (_vector_spacing << 0x5))), function at exception vector 46 too large)

.vector_47      0x9d0007e0        0x0
 *(.vector_47)
                0x00000001                ASSERT (((_vector_spacing == 0x0) || (SIZEOF (.vector_47) <= (_vector_spacing << 0x5))), function at exception vector 47 too large)

.vector_48      0x9d000800        0x0
 *(.vector_48)
                0x00000001                ASSERT (((_vector_spacing == 0x0) || (SIZEOF (.vector_48) <= (_vector_spacing << 0x5))), function at exception vector 48 too large)

.vector_49      0x9d000820        0x0
 *(.vector_49)
                0x00000001                ASSERT (((_vector_spacing == 0x0) || (SIZEOF (.vector_49) <= (_vector_spacing << 0x5))), function at exception vector 49 too large)

.vector_50      0x9d000840        0x0
 *(.vector_50)
                0x00000001                ASSERT (((_vector_spacing == 0x0) || (SIZEOF (.vector_50) <= (_vector_spacing << 0x5))), function at exception vector 50 too large)

.vector_51      0x9d000860        0x0
 *(.vector_51)
                0x00000001                ASSERT (((_vector_spacing == 0x0) || (SIZEOF (.vector_51) <= (_vector_spacing << 0x5))), function at exception vector 51 too large)

.vector_52      0x9d000880        0x0
 *(.vector_52)
                0x00000001                ASSERT (((_vector_spacing == 0x0) || (SIZEOF (.vector_52) <= (_vector_spacing << 0x5))), function at exception vector 52 too large)

.vector_53      0x9d0008a0        0x0
 *(.vector_53)
                0x00000001                ASSERT (((_vector_spacing == 0x0) || (SIZEOF (.vector_53) <= (_vector_spacing << 0x5))), function at exception vector 53 too large)

.vector_54      0x9d0008c0        0x0
 *(.vector_54)
                0x00000001                ASSERT (((_vector_spacing == 0x0) || (SIZEOF (.vector_54) <= (_vector_spacing << 0x5))), function at exception vector 54 too large)

.vector_55      0x9d0008e0        0x0
 *(.vector_55)
                0x00000001                ASSERT (((_vector_spacing == 0x0) || (SIZEOF (.vector_55) <= (_vector_spacing << 0x5))), function at exception vector 55 too large)

.vector_56      0x9d000900        0x0
 *(.vector_56)
                0x00000001                ASSERT (((_vector_spacing == 0x0) || (SIZEOF (.vector_56) <= (_vector_spacing << 0x5))), function at exception vector 56 too large)

.vector_57      0x9d000920        0x0
 *(.vector_57)
                0x00000001                ASSERT (((_vector_spacing == 0x0) || (SIZEOF (.vector_57) <= (_vector_spacing << 0x5))), function at exception vector 57 too large)

.vector_58      0x9d000940        0x0
 *(.vector_58)
                0x00000001                ASSERT (((_vector_spacing == 0x0) || (SIZEOF (.vector_58) <= (_vector_spacing << 0x5))), function at exception vector 58 too large)

.vector_59      0x9d000960        0x0
 *(.vector_59)
                0x00000001                ASSERT (((_vector_spacing == 0x0) || (SIZEOF (.vector_59) <= (_vector_spacing << 0x5))), function at exception vector 59 too large)

.vector_60      0x9d000980        0x0
 *(.vector_60)
                0x00000001                ASSERT (((_vector_spacing == 0x0) || (SIZEOF (.vector_60) <= (_vector_spacing << 0x5))), function at exception vector 60 too large)

.vector_61      0x9d0009a0        0x0
 *(.vector_61)
                0x00000001                ASSERT (((_vector_spacing == 0x0) || (SIZEOF (.vector_61) <= (_vector_spacing << 0x5))), function at exception vector 61 too large)

.vector_62      0x9d0009c0        0x0
 *(.vector_62)
                0x00000001                ASSERT (((_vector_spacing == 0x0) || (SIZEOF (.vector_62) <= (_vector_spacing << 0x5))), function at exception vector 62 too large)

.vector_63      0x9d0009e0        0x0
 *(.vector_63)
                0x00000001                ASSERT (((_vector_spacing == 0x0) || (SIZEOF (.vector_63) <= (_vector_spacing << 0x5))), function at exception vector 63 too large)

.startup
 *(.startup)

.text           0x9d000780        0x0
 *(.stub .gnu.linkonce.t.*)
 *(.text.*personality*)
 *(.mips16.fn.*)
 *(.mips16.call.*)
 *(.gnu.warning)
                0x9d000780                . = ALIGN (0x4)

.init           0x9d000780        0x0
 *crti.o(.init)
 *crtbegin.o(.init)
 *(EXCLUDE_FILE(*crtn.o *crtend?.o *crtend.o) .init)
 *crtend.o(.init)
 *crtn.o(.init)
                0x9d000780                . = ALIGN (0x4)

.fini           0x9d000780        0x0
 *(.fini)
                0x9d000780                . = ALIGN (0x4)

.preinit_array  0x9d000780        0x0
                0x9d000780                PROVIDE (__preinit_array_start, .)
 *(.preinit_array)
                0x9d000780                PROVIDE (__preinit_array_end, .)
                0x9d000780                . = ALIGN (0x4)

.init_array     0x9d000780        0x0
                0x9d000780                PROVIDE (__init_array_start, .)
 *(SORT(.init_array.*))
 *(.init_array)
                0x9d000780                PROVIDE (__init_array_end, .)
                0x9d000780                . = ALIGN (0x4)

.fini_array     0x9d000780        0x0
                0x9d000780                PROVIDE (__fini_array_start, .)
 *(SORT(.fini_array.*))
 *(.fini_array)
                0x9d000780                PROVIDE (__fini_array_end, .)
                0x9d000780                . = ALIGN (0x4)

.ctors          0x9d000780        0x0
 *crtbegin.o(.ctors)
 *crtbegin?.o(.ctors)
 *(EXCLUDE_FILE(*crtend?.o *crtend.o) .ctors)
 *(SORT(.ctors.*))
 *(.ctors)
                0x9d000780                . = ALIGN (0x4)

.dtors          0x9d000780        0x0
 *crtbegin.o(.dtors)
 *crtbegin?.o(.dtors)
 *(EXCLUDE_FILE(*crtend?.o *crtend.o) .dtors)
 *(SORT(.dtors.*))
 *(.dtors)
                0x9d000780                . = ALIGN (0x4)

.rodata         0x9d000780        0x0
 *(.gnu.linkonce.r.*)
 *(.rodata1)
                0x9d000780                . = ALIGN (0x4)

.sdata2         0x9fc00490        0x0
 *(.sdata2 .sdata2.* .gnu.linkonce.s2.*)
                0x9fc00490                . = ALIGN (0x4)

.sbss2          0x9fc00490        0x0
 *(.sbss2 .sbss2.* .gnu.linkonce.sb2.*)
                0x9fc00490                . = ALIGN (0x4)

.eh_frame_hdr
 *(.eh_frame_hdr)
                0x9fc00490                . = ALIGN (0x4)

.eh_frame
 *(.eh_frame)
                0x9fc00490                . = ALIGN (0x4)

.gcc_except_table
 *(.gcc_except_table .gcc_except_table.*)
                0x9fc00490                . = ALIGN (0x4)

.dbg_data       0xa0000000        0x0
                0xa0000000                . = (. + DEFINED (_DEBUGGER)?0x200:0x0)

.jcr            0xa0000000        0x0
 *(.jcr)
                0xa0000000                . = ALIGN (0x4)

.eh_frame
 *(.eh_frame)
                0xa0000000                . = ALIGN (0x4)

.gcc_except_table
 *(.gcc_except_table .gcc_except_table.*)
                0xa0000000                . = ALIGN (0x4)

.persist        0xa0000000        0x0
                0xa0000000                _persist_begin = .
 *(.persist .persist.*)
 *(.pbss .pbss.*)
                0xa0000000                . = ALIGN (0x4)
                0xa0000000                _persist_end = .

.data           0xa0000000        0x0
 *(.gnu.linkonce.d.*)
 *(.data1)
                0xa0000000                . = ALIGN (0x4)
                0xa0000000                . = .
                0xa0007ff0                _gp = (ALIGN (0x10) + 0x7ff0)

.got            0xa0000000        0x0
 *(.got.plt)
 *(.got)
                0xa0000000                . = ALIGN (0x4)

.sdata          0xa0000000        0x0
                0xa0000000                _sdata_begin = .
 *(.sdata .sdata.* .gnu.linkonce.s.*)
                0xa0000000                . = ALIGN (0x4)
                0xa0000000                _sdata_end = .

.lit8
 *(.lit8)

.lit4
 *(.lit4)
                0xa0000000                . = ALIGN (0x4)
                0xa0000000                _data_end = .
                0xa0000000                _bss_begin = .

.sbss           0xa0000000       0x20
                0xa0000000                _sbss_begin = .
 *(.dynsbss)
 *(.sbss .sbss.* .gnu.linkonce.sb.*)
 .sbss          0xa0000000        0xc build/Lab1a_test_config/production/_ext/1297814442/system_exceptions.o
 *(.scommon)
 .scommon       0xa000000c        0x4 build/Lab1a_test_config/production/_ext/1360937237/app.o
                0xa000000c                appData
 .scommon       0xa0000010        0x8 build/Lab1a_test_config/production/_ext/1271179505/sys_devcon.o
                0xa0000010                sysDevconObj
 .scommon       0xa0000018        0x8 build/Lab1a_test_config/production/_ext/1297814442/system_init.o
                0xa0000018                sysObj
                0xa0000020                _sbss_end = .
                0xa0000020                . = ALIGN (0x4)

.bss            0xa0000020        0x0
 *(.dynbss)
 *(COMMON)
                0xa0000020                . = ALIGN ((. != 0x0)?0x4:0x1)
                0xa0000020                . = ALIGN (0x4)
                0xa0000020                _end = .
                0xa0000020                _bss_end = .
                0x00002000                _bmxdudba_address = 0x2000
                0x00002000                _bmxdupba_address = 0x2000

/DISCARD/
 *(.pdr)
 *(.rel.dyn)
 *(.note.GNU-stack)
 *(.note.GNU-stack)
 *(.gnu_debuglink)
 *(.gnu.lto_*)
 *(.discard)

.gptab.sdata
 *(.gptab.data)
 *(.gptab.sdata)

.gptab.sbss
 *(.gptab.bss)
 *(.gptab.sbss)

.mdebug.abi32   0xa0000020        0x0
 *(.mdebug.abi32)
 .mdebug.abi32  0xa0000020        0x0 build/Lab1a_test_config/production/_ext/1360937237/app.o
 .mdebug.abi32  0xa0000020        0x0 build/Lab1a_test_config/production/_ext/1360937237/main.o
 .mdebug.abi32  0xa0000020        0x0 build/Lab1a_test_config/production/_ext/1271179505/sys_devcon.o
 .mdebug.abi32  0xa0000020        0x0 build/Lab1a_test_config/production/_ext/1271179505/sys_devcon_pic32mx.o
 .mdebug.abi32  0xa0000020        0x0 build/Lab1a_test_config/production/_ext/122796885/sys_int_pic32.o
 .mdebug.abi32  0xa0000020        0x0 build/Lab1a_test_config/production/_ext/77319752/sys_ports.o
 .mdebug.abi32  0xa0000020        0x0 build/Lab1a_test_config/production/_ext/718212305/drv_tmr_static.o
 .mdebug.abi32  0xa0000020        0x0 build/Lab1a_test_config/production/_ext/1529707679/sys_clk_static.o
 .mdebug.abi32  0xa0000020        0x0 build/Lab1a_test_config/production/_ext/1632120785/sys_ports_static.o
 .mdebug.abi32  0xa0000020        0x0 build/Lab1a_test_config/production/_ext/1297814442/system_init.o
 .mdebug.abi32  0xa0000020        0x0 build/Lab1a_test_config/production/_ext/1297814442/system_interrupt.o
 .mdebug.abi32  0xa0000020        0x0 build/Lab1a_test_config/production/_ext/1297814442/system_exceptions.o
 .mdebug.abi32  0xa0000020        0x0 build/Lab1a_test_config/production/_ext/1297814442/system_tasks.o
 .mdebug.abi32  0xa0000020        0x0 /Applications/microchip/xc32/v1.40/bin/bin/../../lib/gcc/pic32mx/4.8.3/../../../../pic32mx/lib/libpic32.a(default-bootstrap-exception-handler.o)
 .mdebug.abi32  0xa0000020        0x0 /Applications/microchip/xc32/v1.40/bin/bin/../../lib/gcc/pic32mx/4.8.3/../../../../pic32mx/lib/libpic32.a(default-on-reset.o)
 .mdebug.abi32  0xa0000020        0x0 /Applications/microchip/xc32/v1.40/bin/bin/../../lib/gcc/pic32mx/4.8.3/../../../../pic32mx/lib/libpic32.a(default-on-bootstrap.o)
 .mdebug.abi32  0xa0000020        0x0 /Applications/microchip/xc32/v1.40/bin/bin/../../lib/gcc/pic32mx/4.8.3/../../../../pic32mx/lib/libpic32.a(defaultinterrupt.o)

.mdebug.abiN32
 *(.mdebug.abiN32)

.mdebug.abi64
 *(.mdebug.abi64)

.mdebug.abiO64
 *(.mdebug.abiO64)

.mdebug.eabi32
 *(.mdebug.eabi32)

.mdebug.eabi64
 *(.mdebug.eabi64)

.gcc_compiled_long32
 *(.gcc_compiled_long32)

.gcc_compiled_long64
 *(.gcc_compiled_long64)

.stab
 *(.stab)

.stabstr
 *(.stabstr)

.stab.excl
 *(.stab.excl)

.stab.exclstr
 *(.stab.exclstr)

.stab.index
 *(.stab.index)

.stab.indexstr
 *(.stab.indexstr)

.comment        0x00000000       0x3c
 *(.comment)
 .comment       0x00000000       0x3c build/Lab1a_test_config/production/_ext/1360937237/app.o
                                 0x3d (size before relaxing)
 .comment       0x00000000       0x3d build/Lab1a_test_config/production/_ext/1360937237/main.o
 .comment       0x00000000       0x3d build/Lab1a_test_config/production/_ext/1271179505/sys_devcon.o
 .comment       0x00000000       0x3d build/Lab1a_test_config/production/_ext/1271179505/sys_devcon_pic32mx.o
 .comment       0x00000000       0x3d build/Lab1a_test_config/production/_ext/122796885/sys_int_pic32.o
 .comment       0x00000000       0x3d build/Lab1a_test_config/production/_ext/77319752/sys_ports.o
 .comment       0x00000000       0x3d build/Lab1a_test_config/production/_ext/718212305/drv_tmr_static.o
 .comment       0x00000000       0x3d build/Lab1a_test_config/production/_ext/1529707679/sys_clk_static.o
 .comment       0x00000000       0x3d build/Lab1a_test_config/production/_ext/1632120785/sys_ports_static.o
 .comment       0x00000000       0x3d build/Lab1a_test_config/production/_ext/1297814442/system_init.o
 .comment       0x00000000       0x3d build/Lab1a_test_config/production/_ext/1297814442/system_interrupt.o
 .comment       0x00000000       0x3d build/Lab1a_test_config/production/_ext/1297814442/system_exceptions.o
 .comment       0x00000000       0x3d build/Lab1a_test_config/production/_ext/1297814442/system_tasks.o
 .comment       0x00000000       0x3d /Applications/microchip/xc32/v1.40/bin/bin/../../lib/gcc/pic32mx/4.8.3/../../../../pic32mx/lib/libpic32.a(default-bootstrap-exception-handler.o)
 .comment       0x00000000       0x3d /Applications/microchip/xc32/v1.40/bin/bin/../../lib/gcc/pic32mx/4.8.3/../../../../pic32mx/lib/libpic32.a(default-on-reset.o)
 .comment       0x00000000       0x3d /Applications/microchip/xc32/v1.40/bin/bin/../../lib/gcc/pic32mx/4.8.3/../../../../pic32mx/lib/libpic32.a(default-on-bootstrap.o)
 .comment       0x00000000       0x3d /Applications/microchip/xc32/v1.40/bin/bin/../../lib/gcc/pic32mx/4.8.3/../../../../pic32mx/lib/libpic32.a(defaultinterrupt.o)

.debug
 *(.debug)

.line
 *(.line)

.debug_srcinfo
 *(.debug_srcinfo)

.debug_sfnames
 *(.debug_sfnames)

.debug_aranges  0x00000000      0x3c0
 *(.debug_aranges)
 .debug_aranges
                0x00000000       0x28 build/Lab1a_test_config/production/_ext/1360937237/app.o
 .debug_aranges
                0x00000028       0x20 build/Lab1a_test_config/production/_ext/1360937237/main.o
 .debug_aranges
                0x00000048       0x78 build/Lab1a_test_config/production/_ext/1271179505/sys_devcon.o
 .debug_aranges
                0x000000c0       0x20 build/Lab1a_test_config/production/_ext/1271179505/sys_devcon_pic32mx.o
 .debug_aranges
                0x000000e0       0x48 build/Lab1a_test_config/production/_ext/122796885/sys_int_pic32.o
 .debug_aranges
                0x00000128       0xf8 build/Lab1a_test_config/production/_ext/77319752/sys_ports.o
 .debug_aranges
                0x00000220       0x48 build/Lab1a_test_config/production/_ext/718212305/drv_tmr_static.o
 .debug_aranges
                0x00000268       0x38 build/Lab1a_test_config/production/_ext/1529707679/sys_clk_static.o
 .debug_aranges
                0x000002a0       0x20 build/Lab1a_test_config/production/_ext/1632120785/sys_ports_static.o
 .debug_aranges
                0x000002c0       0x20 build/Lab1a_test_config/production/_ext/1297814442/system_init.o
 .debug_aranges
                0x000002e0       0x20 build/Lab1a_test_config/production/_ext/1297814442/system_interrupt.o
 .debug_aranges
                0x00000300       0x20 build/Lab1a_test_config/production/_ext/1297814442/system_exceptions.o
 .debug_aranges
                0x00000320       0x20 build/Lab1a_test_config/production/_ext/1297814442/system_tasks.o
 .debug_aranges
                0x00000340       0x20 /Applications/microchip/xc32/v1.40/bin/bin/../../lib/gcc/pic32mx/4.8.3/../../../../pic32mx/lib/libpic32.a(default-bootstrap-exception-handler.o)
 .debug_aranges
                0x00000360       0x20 /Applications/microchip/xc32/v1.40/bin/bin/../../lib/gcc/pic32mx/4.8.3/../../../../pic32mx/lib/libpic32.a(default-on-reset.o)
 .debug_aranges
                0x00000380       0x20 /Applications/microchip/xc32/v1.40/bin/bin/../../lib/gcc/pic32mx/4.8.3/../../../../pic32mx/lib/libpic32.a(default-on-bootstrap.o)
 .debug_aranges
                0x000003a0       0x20 /Applications/microchip/xc32/v1.40/bin/bin/../../lib/gcc/pic32mx/4.8.3/../../../../pic32mx/lib/libpic32.a(defaultinterrupt.o)

.debug_pubnames
 *(.debug_pubnames)

.debug_info     0x00000000     0xe781
 *(.debug_info .gnu.linkonce.wi.*)
 .debug_info    0x00000000      0xbe8 build/Lab1a_test_config/production/_ext/1360937237/app.o
 .debug_info    0x00000be8      0x1b4 build/Lab1a_test_config/production/_ext/1360937237/main.o
 .debug_info    0x00000d9c      0xfbe build/Lab1a_test_config/production/_ext/1271179505/sys_devcon.o
 .debug_info    0x00001d5a      0x75b build/Lab1a_test_config/production/_ext/1271179505/sys_devcon_pic32mx.o
 .debug_info    0x000024b5     0x129f build/Lab1a_test_config/production/_ext/122796885/sys_int_pic32.o
 .debug_info    0x00003754     0x398d build/Lab1a_test_config/production/_ext/77319752/sys_ports.o
 .debug_info    0x000070e1     0x21c0 build/Lab1a_test_config/production/_ext/718212305/drv_tmr_static.o
 .debug_info    0x000092a1     0x135c build/Lab1a_test_config/production/_ext/1529707679/sys_clk_static.o
 .debug_info    0x0000a5fd     0x10f3 build/Lab1a_test_config/production/_ext/1632120785/sys_ports_static.o
 .debug_info    0x0000b6f0      0xd57 build/Lab1a_test_config/production/_ext/1297814442/system_init.o
 .debug_info    0x0000c447     0x1004 build/Lab1a_test_config/production/_ext/1297814442/system_interrupt.o
 .debug_info    0x0000d44b      0x7de build/Lab1a_test_config/production/_ext/1297814442/system_exceptions.o
 .debug_info    0x0000dc29      0x81c build/Lab1a_test_config/production/_ext/1297814442/system_tasks.o
 .debug_info    0x0000e445       0xe3 /Applications/microchip/xc32/v1.40/bin/bin/../../lib/gcc/pic32mx/4.8.3/../../../../pic32mx/lib/libpic32.a(default-bootstrap-exception-handler.o)
 .debug_info    0x0000e528       0xbd /Applications/microchip/xc32/v1.40/bin/bin/../../lib/gcc/pic32mx/4.8.3/../../../../pic32mx/lib/libpic32.a(default-on-reset.o)
 .debug_info    0x0000e5e5       0xc5 /Applications/microchip/xc32/v1.40/bin/bin/../../lib/gcc/pic32mx/4.8.3/../../../../pic32mx/lib/libpic32.a(default-on-bootstrap.o)
 .debug_info    0x0000e6aa       0xd7 /Applications/microchip/xc32/v1.40/bin/bin/../../lib/gcc/pic32mx/4.8.3/../../../../pic32mx/lib/libpic32.a(defaultinterrupt.o)

.debug_abbrev   0x00000000     0x149c
 *(.debug_abbrev)
 .debug_abbrev  0x00000000      0x17c build/Lab1a_test_config/production/_ext/1360937237/app.o
 .debug_abbrev  0x0000017c       0x93 build/Lab1a_test_config/production/_ext/1360937237/main.o
 .debug_abbrev  0x0000020f      0x285 build/Lab1a_test_config/production/_ext/1271179505/sys_devcon.o
 .debug_abbrev  0x00000494      0x162 build/Lab1a_test_config/production/_ext/1271179505/sys_devcon_pic32mx.o
 .debug_abbrev  0x000005f6      0x1d0 build/Lab1a_test_config/production/_ext/122796885/sys_int_pic32.o
 .debug_abbrev  0x000007c6      0x238 build/Lab1a_test_config/production/_ext/77319752/sys_ports.o
 .debug_abbrev  0x000009fe      0x209 build/Lab1a_test_config/production/_ext/718212305/drv_tmr_static.o
 .debug_abbrev  0x00000c07      0x209 build/Lab1a_test_config/production/_ext/1529707679/sys_clk_static.o
 .debug_abbrev  0x00000e10      0x12f build/Lab1a_test_config/production/_ext/1632120785/sys_ports_static.o
 .debug_abbrev  0x00000f3f      0x246 build/Lab1a_test_config/production/_ext/1297814442/system_init.o
 .debug_abbrev  0x00001185      0x128 build/Lab1a_test_config/production/_ext/1297814442/system_interrupt.o
 .debug_abbrev  0x000012ad       0x8c build/Lab1a_test_config/production/_ext/1297814442/system_exceptions.o
 .debug_abbrev  0x00001339       0xc3 build/Lab1a_test_config/production/_ext/1297814442/system_tasks.o
 .debug_abbrev  0x000013fc       0x28 /Applications/microchip/xc32/v1.40/bin/bin/../../lib/gcc/pic32mx/4.8.3/../../../../pic32mx/lib/libpic32.a(default-bootstrap-exception-handler.o)
 .debug_abbrev  0x00001424       0x28 /Applications/microchip/xc32/v1.40/bin/bin/../../lib/gcc/pic32mx/4.8.3/../../../../pic32mx/lib/libpic32.a(default-on-reset.o)
 .debug_abbrev  0x0000144c       0x28 /Applications/microchip/xc32/v1.40/bin/bin/../../lib/gcc/pic32mx/4.8.3/../../../../pic32mx/lib/libpic32.a(default-on-bootstrap.o)
 .debug_abbrev  0x00001474       0x28 /Applications/microchip/xc32/v1.40/bin/bin/../../lib/gcc/pic32mx/4.8.3/../../../../pic32mx/lib/libpic32.a(defaultinterrupt.o)

.debug_line     0x00000000     0x351c
 *(.debug_line)
 .debug_line    0x00000000      0x305 build/Lab1a_test_config/production/_ext/1360937237/app.o
 .debug_line    0x00000305       0xd0 build/Lab1a_test_config/production/_ext/1360937237/main.o
 .debug_line    0x000003d5      0x647 build/Lab1a_test_config/production/_ext/1271179505/sys_devcon.o
 .debug_line    0x00000a1c      0x3d7 build/Lab1a_test_config/production/_ext/1271179505/sys_devcon_pic32mx.o
 .debug_line    0x00000df3      0x3ce build/Lab1a_test_config/production/_ext/122796885/sys_int_pic32.o
 .debug_line    0x000011c1      0x88d build/Lab1a_test_config/production/_ext/77319752/sys_ports.o
 .debug_line    0x00001a4e      0x561 build/Lab1a_test_config/production/_ext/718212305/drv_tmr_static.o
 .debug_line    0x00001faf      0x421 build/Lab1a_test_config/production/_ext/1529707679/sys_clk_static.o
 .debug_line    0x000023d0      0x41b build/Lab1a_test_config/production/_ext/1632120785/sys_ports_static.o
 .debug_line    0x000027eb      0x4f8 build/Lab1a_test_config/production/_ext/1297814442/system_init.o
 .debug_line    0x00002ce3      0x2c2 build/Lab1a_test_config/production/_ext/1297814442/system_interrupt.o
 .debug_line    0x00002fa5       0xf8 build/Lab1a_test_config/production/_ext/1297814442/system_exceptions.o
 .debug_line    0x0000309d      0x246 build/Lab1a_test_config/production/_ext/1297814442/system_tasks.o
 .debug_line    0x000032e3       0x97 /Applications/microchip/xc32/v1.40/bin/bin/../../lib/gcc/pic32mx/4.8.3/../../../../pic32mx/lib/libpic32.a(default-bootstrap-exception-handler.o)
 .debug_line    0x0000337a       0x84 /Applications/microchip/xc32/v1.40/bin/bin/../../lib/gcc/pic32mx/4.8.3/../../../../pic32mx/lib/libpic32.a(default-on-reset.o)
 .debug_line    0x000033fe       0x88 /Applications/microchip/xc32/v1.40/bin/bin/../../lib/gcc/pic32mx/4.8.3/../../../../pic32mx/lib/libpic32.a(default-on-bootstrap.o)
 .debug_line    0x00003486       0x96 /Applications/microchip/xc32/v1.40/bin/bin/../../lib/gcc/pic32mx/4.8.3/../../../../pic32mx/lib/libpic32.a(defaultinterrupt.o)

.debug_frame    0x00000000      0x5e8
 *(.debug_frame)
 .debug_frame   0x00000000       0x38 build/Lab1a_test_config/production/_ext/1360937237/app.o
 .debug_frame   0x00000038       0x28 build/Lab1a_test_config/production/_ext/1360937237/main.o
 .debug_frame   0x00000060       0xe8 build/Lab1a_test_config/production/_ext/1271179505/sys_devcon.o
 .debug_frame   0x00000148       0x28 build/Lab1a_test_config/production/_ext/1271179505/sys_devcon_pic32mx.o
 .debug_frame   0x00000170       0x90 build/Lab1a_test_config/production/_ext/122796885/sys_int_pic32.o
 .debug_frame   0x00000200      0x1d0 build/Lab1a_test_config/production/_ext/77319752/sys_ports.o
 .debug_frame   0x000003d0       0x70 build/Lab1a_test_config/production/_ext/718212305/drv_tmr_static.o
 .debug_frame   0x00000440       0x58 build/Lab1a_test_config/production/_ext/1529707679/sys_clk_static.o
 .debug_frame   0x00000498       0x20 build/Lab1a_test_config/production/_ext/1632120785/sys_ports_static.o
 .debug_frame   0x000004b8       0x28 build/Lab1a_test_config/production/_ext/1297814442/system_init.o
 .debug_frame   0x000004e0       0x2c build/Lab1a_test_config/production/_ext/1297814442/system_interrupt.o
 .debug_frame   0x0000050c       0x28 build/Lab1a_test_config/production/_ext/1297814442/system_exceptions.o
 .debug_frame   0x00000534       0x28 build/Lab1a_test_config/production/_ext/1297814442/system_tasks.o
 .debug_frame   0x0000055c       0x2c /Applications/microchip/xc32/v1.40/bin/bin/../../lib/gcc/pic32mx/4.8.3/../../../../pic32mx/lib/libpic32.a(default-bootstrap-exception-handler.o)
 .debug_frame   0x00000588       0x20 /Applications/microchip/xc32/v1.40/bin/bin/../../lib/gcc/pic32mx/4.8.3/../../../../pic32mx/lib/libpic32.a(default-on-reset.o)
 .debug_frame   0x000005a8       0x20 /Applications/microchip/xc32/v1.40/bin/bin/../../lib/gcc/pic32mx/4.8.3/../../../../pic32mx/lib/libpic32.a(default-on-bootstrap.o)
 .debug_frame   0x000005c8       0x20 /Applications/microchip/xc32/v1.40/bin/bin/../../lib/gcc/pic32mx/4.8.3/../../../../pic32mx/lib/libpic32.a(defaultinterrupt.o)

.debug_str      0x00000000      0x1ce
 *(.debug_str)
 .debug_str     0x00000000       0x15 build/Lab1a_test_config/production/_ext/1360937237/app.o
 .debug_str     0x00000015        0x0 build/Lab1a_test_config/production/_ext/1360937237/main.o
 .debug_str     0x00000015       0x16 build/Lab1a_test_config/production/_ext/1271179505/sys_devcon.o
 .debug_str     0x0000002b        0x6 build/Lab1a_test_config/production/_ext/1271179505/sys_devcon_pic32mx.o
 .debug_str     0x00000031       0x2d build/Lab1a_test_config/production/_ext/122796885/sys_int_pic32.o
 .debug_str     0x0000005e       0x98 build/Lab1a_test_config/production/_ext/77319752/sys_ports.o
 .debug_str     0x000000f6       0x6b build/Lab1a_test_config/production/_ext/718212305/drv_tmr_static.o
 .debug_str     0x00000161       0x46 build/Lab1a_test_config/production/_ext/1529707679/sys_clk_static.o
 .debug_str     0x000001a7       0x1c build/Lab1a_test_config/production/_ext/1632120785/sys_ports_static.o
 .debug_str     0x000001c3        0xb build/Lab1a_test_config/production/_ext/1297814442/system_init.o
 .debug_str     0x000001ce        0x0 build/Lab1a_test_config/production/_ext/1297814442/system_interrupt.o
 .debug_str     0x000001ce        0x0 build/Lab1a_test_config/production/_ext/1297814442/system_exceptions.o
 .debug_str     0x000001ce        0x0 build/Lab1a_test_config/production/_ext/1297814442/system_tasks.o
 .debug_str     0x000001ce        0x0 /Applications/microchip/xc32/v1.40/bin/bin/../../lib/gcc/pic32mx/4.8.3/../../../../pic32mx/lib/libpic32.a(default-bootstrap-exception-handler.o)
 .debug_str     0x000001ce        0x0 /Applications/microchip/xc32/v1.40/bin/bin/../../lib/gcc/pic32mx/4.8.3/../../../../pic32mx/lib/libpic32.a(default-on-reset.o)
 .debug_str     0x000001ce        0x0 /Applications/microchip/xc32/v1.40/bin/bin/../../lib/gcc/pic32mx/4.8.3/../../../../pic32mx/lib/libpic32.a(default-on-bootstrap.o)
 .debug_str     0x000001ce        0x0 /Applications/microchip/xc32/v1.40/bin/bin/../../lib/gcc/pic32mx/4.8.3/../../../../pic32mx/lib/libpic32.a(defaultinterrupt.o)

.debug_loc      0x00000000     0x115f
 *(.debug_loc)
 .debug_loc     0x00000000       0x50 build/Lab1a_test_config/production/_ext/1360937237/app.o
 .debug_loc     0x00000050       0xf0 build/Lab1a_test_config/production/_ext/1271179505/sys_devcon.o
 .debug_loc     0x00000140       0x85 build/Lab1a_test_config/production/_ext/1271179505/sys_devcon_pic32mx.o
 .debug_loc     0x000001c5       0x8d build/Lab1a_test_config/production/_ext/122796885/sys_int_pic32.o
 .debug_loc     0x00000252      0xe64 build/Lab1a_test_config/production/_ext/77319752/sys_ports.o
 .debug_loc     0x000010b6       0x67 build/Lab1a_test_config/production/_ext/718212305/drv_tmr_static.o
 .debug_loc     0x0000111d       0x21 build/Lab1a_test_config/production/_ext/1529707679/sys_clk_static.o
 .debug_loc     0x0000113e       0x21 build/Lab1a_test_config/production/_ext/1297814442/system_init.o

.debug_macinfo
 *(.debug_macinfo)

.debug_weaknames
 *(.debug_weaknames)

.debug_funcnames
 *(.debug_funcnames)

.debug_typenames
 *(.debug_typenames)

.debug_varnames
 *(.debug_varnames)

.debug_pubtypes
 *(.debug_pubtypes)

.debug_ranges   0x00000000      0x2c8
 *(.debug_ranges)
 .debug_ranges  0x00000000       0x18 build/Lab1a_test_config/production/_ext/1360937237/app.o
 .debug_ranges  0x00000018       0x10 build/Lab1a_test_config/production/_ext/1360937237/main.o
 .debug_ranges  0x00000028       0x68 build/Lab1a_test_config/production/_ext/1271179505/sys_devcon.o
 .debug_ranges  0x00000090       0x10 build/Lab1a_test_config/production/_ext/1271179505/sys_devcon_pic32mx.o
 .debug_ranges  0x000000a0       0x50 build/Lab1a_test_config/production/_ext/122796885/sys_int_pic32.o
 .debug_ranges  0x000000f0       0xe8 build/Lab1a_test_config/production/_ext/77319752/sys_ports.o
 .debug_ranges  0x000001d8       0x38 build/Lab1a_test_config/production/_ext/718212305/drv_tmr_static.o
 .debug_ranges  0x00000210       0x28 build/Lab1a_test_config/production/_ext/1529707679/sys_clk_static.o
 .debug_ranges  0x00000238       0x10 build/Lab1a_test_config/production/_ext/1632120785/sys_ports_static.o
 .debug_ranges  0x00000248       0x10 build/Lab1a_test_config/production/_ext/1297814442/system_init.o
 .debug_ranges  0x00000258       0x10 build/Lab1a_test_config/production/_ext/1297814442/system_interrupt.o
 .debug_ranges  0x00000268       0x10 build/Lab1a_test_config/production/_ext/1297814442/system_exceptions.o
 .debug_ranges  0x00000278       0x10 build/Lab1a_test_config/production/_ext/1297814442/system_tasks.o
 .debug_ranges  0x00000288       0x10 /Applications/microchip/xc32/v1.40/bin/bin/../../lib/gcc/pic32mx/4.8.3/../../../../pic32mx/lib/libpic32.a(default-bootstrap-exception-handler.o)
 .debug_ranges  0x00000298       0x10 /Applications/microchip/xc32/v1.40/bin/bin/../../lib/gcc/pic32mx/4.8.3/../../../../pic32mx/lib/libpic32.a(default-on-reset.o)
 .debug_ranges  0x000002a8       0x10 /Applications/microchip/xc32/v1.40/bin/bin/../../lib/gcc/pic32mx/4.8.3/../../../../pic32mx/lib/libpic32.a(default-on-bootstrap.o)
 .debug_ranges  0x000002b8       0x10 /Applications/microchip/xc32/v1.40/bin/bin/../../lib/gcc/pic32mx/4.8.3/../../../../pic32mx/lib/libpic32.a(defaultinterrupt.o)

.gnu.attributes
                0x00000000       0x10
 *(.gnu.attributes)
 .gnu.attributes
                0x00000000       0x10 build/Lab1a_test_config/production/_ext/1360937237/app.o
 .gnu.attributes
                0x00000010       0x10 build/Lab1a_test_config/production/_ext/1360937237/main.o
 .gnu.attributes
                0x00000020       0x10 build/Lab1a_test_config/production/_ext/1271179505/sys_devcon.o
 .gnu.attributes
                0x00000030       0x10 build/Lab1a_test_config/production/_ext/1271179505/sys_devcon_pic32mx.o
 .gnu.attributes
                0x00000040       0x10 build/Lab1a_test_config/production/_ext/122796885/sys_int_pic32.o
 .gnu.attributes
                0x00000050       0x10 build/Lab1a_test_config/production/_ext/77319752/sys_ports.o
 .gnu.attributes
                0x00000060       0x10 build/Lab1a_test_config/production/_ext/718212305/drv_tmr_static.o
 .gnu.attributes
                0x00000070       0x10 build/Lab1a_test_config/production/_ext/1529707679/sys_clk_static.o
 .gnu.attributes
                0x00000080       0x10 build/Lab1a_test_config/production/_ext/1632120785/sys_ports_static.o
 .gnu.attributes
                0x00000090       0x10 build/Lab1a_test_config/production/_ext/1297814442/system_init.o
 .gnu.attributes
                0x000000a0       0x10 build/Lab1a_test_config/production/_ext/1297814442/system_interrupt.o
 .gnu.attributes
                0x000000b0       0x10 build/Lab1a_test_config/production/_ext/1297814442/system_exceptions.o
 .gnu.attributes
                0x000000c0       0x10 build/Lab1a_test_config/production/_ext/1297814442/system_tasks.o
 .gnu.attributes
                0x000000d0       0x10 /Applications/microchip/xc32/v1.40/bin/bin/../../lib/gcc/pic32mx/4.8.3/../../../../pic32mx/lib/libpic32.a(default-bootstrap-exception-handler.o)
 .gnu.attributes
                0x000000e0       0x10 /Applications/microchip/xc32/v1.40/bin/bin/../../lib/gcc/pic32mx/4.8.3/../../../../pic32mx/lib/libpic32.a(default-on-reset.o)
 .gnu.attributes
                0x000000f0       0x10 /Applications/microchip/xc32/v1.40/bin/bin/../../lib/gcc/pic32mx/4.8.3/../../../../pic32mx/lib/libpic32.a(default-on-bootstrap.o)
 .gnu.attributes
                0x00000100       0x10 /Applications/microchip/xc32/v1.40/bin/bin/../../lib/gcc/pic32mx/4.8.3/../../../../pic32mx/lib/libpic32.a(defaultinterrupt.o)
LOAD /Applications/microchip/xc32/v1.40/bin/bin/../../lib/gcc/pic32mx/4.8.3/libgcc.a
START GROUP
LOAD /Applications/microchip/xc32/v1.40/bin/bin/../../lib/gcc/pic32mx/4.8.3/../../../../pic32mx/lib/libpic32.a
LOAD /Applications/microchip/xc32/v1.40/bin/bin/../../lib/gcc/pic32mx/4.8.3/../../../../pic32mx/lib/libdebug.a
LOAD /Applications/microchip/xc32/v1.40/bin/bin/../../lib/gcc/pic32mx/4.8.3/../../../../pic32mx/lib/libpic32.a
LOAD /Applications/microchip/xc32/v1.40/bin/bin/../../lib/gcc/pic32mx/4.8.3/../../../../pic32mx/lib/libm.a
LOAD /Applications/microchip/xc32/v1.40/bin/bin/../../lib/gcc/pic32mx/4.8.3/../../../../pic32mx/lib/libe.a
LOAD /Applications/microchip/xc32/v1.40/bin/bin/../../lib/gcc/pic32mx/4.8.3/../../../../pic32mx/lib/libdsp.a
LOAD /Applications/microchip/xc32/v1.40/bin/bin/../../lib/gcc/pic32mx/4.8.3/libgcc.a
LOAD /Applications/microchip/xc32/v1.40/bin/bin/../../lib/gcc/pic32mx/4.8.3/../../../../pic32mx/lib/libc.a
LOAD /Applications/microchip/xc32/v1.40/bin/bin/../../lib/gcc/pic32mx/4.8.3/../../../../pic32mx/lib/libpic32.a
END GROUP
LOAD /Applications/microchip/xc32/v1.40/bin/bin/../../lib/gcc/pic32mx/4.8.3/libgcc.a
OUTPUT(dist/Lab1a_test_config/production/Lab1a_test.X.production.elf elf32-tradlittlemips)
LOAD stack
LOAD data_init

.reginfo        0x00000000       0x18
 .reginfo       0x00000000       0x18 /Applications/microchip/xc32/v1.40/bin/bin/../../lib/gcc/pic32mx/4.8.3/../../../../pic32mx/lib/./proc/32MX220F032B/crt0_mips32r2.o

.stack          0xa0000088      0x400
 .stack         0xa0000088      0x400 stack

.data           0xa0000020       0x4c
 .data          0xa0000020       0x4c build/Lab1a_test_config/production/_ext/1297814442/system_exceptions.o

._debug_exception
                0xbfc00480       0x2c
 ._debug_exception
                0xbfc00480       0x2c /Applications/microchip/xc32/v1.40/bin/bin/../../lib/gcc/pic32mx/4.8.3/../../../../pic32mx/lib/debug-exception-return.o
                0xbfc00480                __DbgExecReturn

.rodata         0x9d000780       0xdc
 .rodata        0x9d000780       0xdc build/Lab1a_test_config/production/_ext/1297814442/system_exceptions.o

.text.general_exception
                0x9d00085c       0xdc
 .text.general_exception
                0x9d00085c       0xdc /Applications/microchip/xc32/v1.40/bin/bin/../../lib/gcc/pic32mx/4.8.3/../../../../pic32mx/lib/libpic32.a(general-exception.o)
                0x9d00085c                _general_exception_context

.text._IntHandlerDrvTmrInstance0
                0x9d000938       0x90
 .text._IntHandlerDrvTmrInstance0
                0x9d000938       0x90 build/Lab1a_test_config/production/_ext/1297814442/system_interrupt.o
                0x9d000938                _IntHandlerDrvTmrInstance0

.text.DRV_TMR0_Initialize
                0x9d0009c8       0x8c
 .text.DRV_TMR0_Initialize
                0x9d0009c8       0x8c build/Lab1a_test_config/production/_ext/718212305/drv_tmr_static.o
                0x9d0009c8                DRV_TMR0_Initialize

.text.SYS_CLK_Initialize
                0x9d000a54       0x70
 .text.SYS_CLK_Initialize
                0x9d000a54       0x70 build/Lab1a_test_config/production/_ext/1529707679/sys_clk_static.o
                0x9d000a54                SYS_CLK_Initialize

.text.SYS_PORTS_Initialize
                0x9d000ac4       0x70
 .text.SYS_PORTS_Initialize
                0x9d000ac4       0x70 build/Lab1a_test_config/production/_ext/1632120785/sys_ports_static.o
                0x9d000ac4                SYS_PORTS_Initialize

.dinit          0x9d000b34       0x70
 .dinit         0x9d000b34       0x70 data_init

.text.SYS_Initialize
                0x9d000ba4       0x6c
 .text.SYS_Initialize
                0x9d000ba4       0x6c build/Lab1a_test_config/production/_ext/1297814442/system_init.o
                0x9d000ba4                SYS_Initialize

.text.APP_Tasks
                0x9d000c10       0x60
 .text.APP_Tasks
                0x9d000c10       0x60 build/Lab1a_test_config/production/_ext/1360937237/app.o
                0x9d000c10                APP_Tasks

.text.SYS_DEVCON_PerformanceConfig
                0x9d000c70       0x60
 .text.SYS_DEVCON_PerformanceConfig
                0x9d000c70       0x60 build/Lab1a_test_config/production/_ext/1271179505/sys_devcon_pic32mx.o
                0x9d000c70                SYS_DEVCON_PerformanceConfig

.text.SYS_DEVCON_SystemUnlock
                0x9d000cd0       0x58
 .text.SYS_DEVCON_SystemUnlock
                0x9d000cd0       0x58 build/Lab1a_test_config/production/_ext/1271179505/sys_devcon.o
                0x9d000cd0                SYS_DEVCON_SystemUnlock

.text.main_entry
                0x9d000d28       0x54
 .text.main_entry
                0x9d000d28       0x54 /Applications/microchip/xc32/v1.40/bin/bin/../../lib/gcc/pic32mx/4.8.3/../../../../pic32mx/lib/./proc/32MX220F032B/crt0_mips32r2.o
                0x9d000d5c                __crt0_exit

.text.SYS_DEVCON_SystemLock
                0x9d000d7c       0x48
 .text.SYS_DEVCON_SystemLock
                0x9d000d7c       0x48 build/Lab1a_test_config/production/_ext/1271179505/sys_devcon.o
                0x9d000d7c                SYS_DEVCON_SystemLock

.text._bootstrap_exception_handler
                0x9d000dc4       0x48
 .text._bootstrap_exception_handler
                0x9d000dc4       0x48 /Applications/microchip/xc32/v1.40/bin/bin/../../lib/gcc/pic32mx/4.8.3/../../../../pic32mx/lib/libpic32.a(default-bootstrap-exception-handler.o)
                0x9d000dc4                _bootstrap_exception_handler

.vector_default
                0x9d000e0c       0x48
 .vector_default
                0x9d000e0c       0x48 /Applications/microchip/xc32/v1.40/bin/bin/../../lib/gcc/pic32mx/4.8.3/../../../../pic32mx/lib/libpic32.a(defaultinterrupt.o)
                0x9d000e0c                _DefaultInterrupt

.text           0x9d000e54       0x44
 .text          0x9d000e54       0x44 /Applications/microchip/xc32/v1.40/bin/bin/../../lib/gcc/pic32mx/4.8.3/../../../../pic32mx/lib/pic32_software_reset.o
                0x9d000e54                __pic32_software_reset

.text._general_exception_handler
                0x9d000e98       0x40
 .text._general_exception_handler
                0x9d000e98       0x40 build/Lab1a_test_config/production/_ext/1297814442/system_exceptions.o
                0x9d000e98                _general_exception_handler

.text.SYS_Tasks
                0x9d000ed8       0x24
 .text.SYS_Tasks
                0x9d000ed8       0x24 build/Lab1a_test_config/production/_ext/1297814442/system_tasks.o
                0x9d000ed8                SYS_Tasks

.text.main      0x9d000efc       0x20
 .text.main     0x9d000efc       0x20 build/Lab1a_test_config/production/_ext/1360937237/main.o
                0x9d000efc                main

.text.SYS_INT_Initialize
                0x9d000f1c       0x18
 .text.SYS_INT_Initialize
                0x9d000f1c       0x18 build/Lab1a_test_config/production/_ext/122796885/sys_int_pic32.o
                0x9d000f1c                SYS_INT_Initialize

.text.DRV_TMR0_Start
                0x9d000f34       0x18
 .text.DRV_TMR0_Start
                0x9d000f34       0x18 build/Lab1a_test_config/production/_ext/718212305/drv_tmr_static.o
                0x9d000f34                DRV_TMR0_Start

.text           0x9d000f4c       0x18
 .text          0x9d000f4c       0x18 /Applications/microchip/xc32/v1.40/bin/bin/../../lib/gcc/pic32mx/4.8.3/../../../../pic32mx/lib/libpic32.a(default-nmi-handler.o)
                0x9d000f4c                _nmi_handler

.text.SYS_DEVCON_Initialize
                0x9d000f64       0x14
 .text.SYS_DEVCON_Initialize
                0x9d000f64       0x14 build/Lab1a_test_config/production/_ext/1271179505/sys_devcon.o
                0x9d000f64                SYS_DEVCON_Initialize

.text.SYS_CLK_SystemFrequencyGet
                0x9d000f78        0xc
 .text.SYS_CLK_SystemFrequencyGet
                0x9d000f78        0xc build/Lab1a_test_config/production/_ext/1529707679/sys_clk_static.o
                0x9d000f78                SYS_CLK_SystemFrequencyGet

.text.APP_Initialize
                0x9d000f84        0x8
 .text.APP_Initialize
                0x9d000f84        0x8 build/Lab1a_test_config/production/_ext/1360937237/app.o
                0x9d000f84                APP_Initialize

.text.SYS_DEVCON_Tasks
                0x9d000f8c        0x8
 .text.SYS_DEVCON_Tasks
                0x9d000f8c        0x8 build/Lab1a_test_config/production/_ext/1271179505/sys_devcon.o
                0x9d000f8c                SYS_DEVCON_Tasks

.text._on_reset
                0x9d000f94        0x8
 .text._on_reset
                0x9d000f94        0x8 /Applications/microchip/xc32/v1.40/bin/bin/../../lib/gcc/pic32mx/4.8.3/../../../../pic32mx/lib/libpic32.a(default-on-reset.o)
                0x9d000f94                _on_reset

.text._on_bootstrap
                0x9d000f9c        0x8
 .text._on_bootstrap
                0x9d000f9c        0x8 /Applications/microchip/xc32/v1.40/bin/bin/../../lib/gcc/pic32mx/4.8.3/../../../../pic32mx/lib/libpic32.a(default-on-bootstrap.o)
                0x9d000f9c                _on_bootstrap

.rodata         0x9d000fa4        0x4
 .rodata        0x9d000fa4        0x4 build/Lab1a_test_config/production/_ext/1297814442/system_init.o
                0x9d000fa4                sysDevconInit
