
Optional file libmchp_peripheral.a not found

Optional file libmchp_peripheral_32MX220F032B.a not found
Archive member included because of file (symbol)

c:/program files (x86)/microchip/xc32/v1.40/bin/bin/../../lib/gcc/pic32mx/4.8.3/../../../../pic32mx/lib\libpic32.a(default-bootstrap-exception-handler.o)
                              c:/program files (x86)/microchip/xc32/v1.40/bin/bin/../../lib/gcc/pic32mx/4.8.3/../../../../pic32mx/lib/./proc/32MX220F032B/crt0_mips32r2.o (_bootstrap_exception_handler)
c:/program files (x86)/microchip/xc32/v1.40/bin/bin/../../lib/gcc/pic32mx/4.8.3/../../../../pic32mx/lib\libpic32.a(default-on-reset.o)
                              c:/program files (x86)/microchip/xc32/v1.40/bin/bin/../../lib/gcc/pic32mx/4.8.3/../../../../pic32mx/lib/./proc/32MX220F032B/crt0_mips32r2.o (_on_reset)
c:/program files (x86)/microchip/xc32/v1.40/bin/bin/../../lib/gcc/pic32mx/4.8.3/../../../../pic32mx/lib\libpic32.a(default-on-bootstrap.o)
                              c:/program files (x86)/microchip/xc32/v1.40/bin/bin/../../lib/gcc/pic32mx/4.8.3/../../../../pic32mx/lib/./proc/32MX220F032B/crt0_mips32r2.o (_on_bootstrap)
c:/program files (x86)/microchip/xc32/v1.40/bin/bin/../../lib/gcc/pic32mx/4.8.3/../../../../pic32mx/lib\libpic32.a(default-nmi-handler.o)
                              c:/program files (x86)/microchip/xc32/v1.40/bin/bin/../../lib/gcc/pic32mx/4.8.3/../../../../pic32mx/lib/./proc/32MX220F032B/crt0_mips32r2.o (_nmi_handler)
c:/program files (x86)/microchip/xc32/v1.40/bin/bin/../../lib/gcc/pic32mx/4.8.3/../../../../pic32mx/lib\libpic32.a(general-exception.o)
                              c:/program files (x86)/microchip/xc32/v1.40/bin/bin/../../lib/gcc/pic32mx/4.8.3/../../../../pic32mx/lib/./proc/32MX220F032B/crt0_mips32r2.o (_general_exception_context)
c:/program files (x86)/microchip/xc32/v1.40/bin/bin/../../lib/gcc/pic32mx/4.8.3/../../../../pic32mx/lib\libpic32.a(vector0.o)
                              c:/program files (x86)/microchip/xc32/v1.40/bin/bin/../../lib/gcc/pic32mx/4.8.3/../../../../pic32mx/lib/./proc/32MX220F032B\default_isr_vectors.o (__vector_dispatch_0)
c:/program files (x86)/microchip/xc32/v1.40/bin/bin/../../lib/gcc/pic32mx/4.8.3/../../../../pic32mx/lib\libpic32.a(vector1.o)
                              c:/program files (x86)/microchip/xc32/v1.40/bin/bin/../../lib/gcc/pic32mx/4.8.3/../../../../pic32mx/lib/./proc/32MX220F032B\default_isr_vectors.o (__vector_dispatch_1)
c:/program files (x86)/microchip/xc32/v1.40/bin/bin/../../lib/gcc/pic32mx/4.8.3/../../../../pic32mx/lib\libpic32.a(vector2.o)
                              c:/program files (x86)/microchip/xc32/v1.40/bin/bin/../../lib/gcc/pic32mx/4.8.3/../../../../pic32mx/lib/./proc/32MX220F032B\default_isr_vectors.o (__vector_dispatch_2)
c:/program files (x86)/microchip/xc32/v1.40/bin/bin/../../lib/gcc/pic32mx/4.8.3/../../../../pic32mx/lib\libpic32.a(vector3.o)
                              c:/program files (x86)/microchip/xc32/v1.40/bin/bin/../../lib/gcc/pic32mx/4.8.3/../../../../pic32mx/lib/./proc/32MX220F032B\default_isr_vectors.o (__vector_dispatch_3)
c:/program files (x86)/microchip/xc32/v1.40/bin/bin/../../lib/gcc/pic32mx/4.8.3/../../../../pic32mx/lib\libpic32.a(vector4.o)
                              c:/program files (x86)/microchip/xc32/v1.40/bin/bin/../../lib/gcc/pic32mx/4.8.3/../../../../pic32mx/lib/./proc/32MX220F032B\default_isr_vectors.o (__vector_dispatch_4)
c:/program files (x86)/microchip/xc32/v1.40/bin/bin/../../lib/gcc/pic32mx/4.8.3/../../../../pic32mx/lib\libpic32.a(vector5.o)
                              c:/program files (x86)/microchip/xc32/v1.40/bin/bin/../../lib/gcc/pic32mx/4.8.3/../../../../pic32mx/lib/./proc/32MX220F032B\default_isr_vectors.o (__vector_dispatch_5)
c:/program files (x86)/microchip/xc32/v1.40/bin/bin/../../lib/gcc/pic32mx/4.8.3/../../../../pic32mx/lib\libpic32.a(vector6.o)
                              c:/program files (x86)/microchip/xc32/v1.40/bin/bin/../../lib/gcc/pic32mx/4.8.3/../../../../pic32mx/lib/./proc/32MX220F032B\default_isr_vectors.o (__vector_dispatch_6)
c:/program files (x86)/microchip/xc32/v1.40/bin/bin/../../lib/gcc/pic32mx/4.8.3/../../../../pic32mx/lib\libpic32.a(vector7.o)
                              c:/program files (x86)/microchip/xc32/v1.40/bin/bin/../../lib/gcc/pic32mx/4.8.3/../../../../pic32mx/lib/./proc/32MX220F032B\default_isr_vectors.o (__vector_dispatch_7)
c:/program files (x86)/microchip/xc32/v1.40/bin/bin/../../lib/gcc/pic32mx/4.8.3/../../../../pic32mx/lib\libpic32.a(vector8.o)
                              c:/program files (x86)/microchip/xc32/v1.40/bin/bin/../../lib/gcc/pic32mx/4.8.3/../../../../pic32mx/lib/./proc/32MX220F032B\default_isr_vectors.o (__vector_dispatch_8)
c:/program files (x86)/microchip/xc32/v1.40/bin/bin/../../lib/gcc/pic32mx/4.8.3/../../../../pic32mx/lib\libpic32.a(vector9.o)
[...]
Memory Configuration

Name             Origin             Length             Attributes
kseg0_data_mem   0x80000000         0x00000200
kseg1_data_mem   0xa0000000         0x00002000         w !x
kseg0_boot_mem   0x9fc00490         0x00000000
kseg1_boot_mem   0xbfc00000         0x00000490
exception_mem    0x9d000000         0x00000780
kseg0_program_mem 0x9d000780         0x00007880         xr
debug_exec_mem   0x9fc00490         0x00000760
config3          0xbfc00bf0         0x00000004
config2          0xbfc00bf4         0x00000004
config1          0xbfc00bf8         0x00000004
config0          0xbfc00bfc         0x00000004
sfrs             0xbf800000         0x00100000
configsfrs       0xbfc00bf0         0x00000010
*default*        0x00000000         0xffffffff

Linker script and memory map


reserve_data_0_kseg0
                0x80000000      0x200
                0x80000000        0x2 SHORT 0x0
                0x000001fd                . = 0x1fd
 *fill*         0x80000002      0x1fb 
                0x80000200                . = ALIGN (0x4)
 *fill*         0x800001fd        0x3 

reserve_data_0_kseg1
                0xa0000000      0x200
                0xa0000000        0x2 SHORT 0x0
                0x000001fd                . = 0x1fd
 *fill*         0xa0000002      0x1fb 
                0xa0000200                . = ALIGN (0x4)
 *fill*         0xa00001fd        0x3 

reserve_boot_0x1fc00490_kseg0
                0x9fc00490      0x760
                0x9fc00490        0x2 SHORT 0x0
                0x00000760                . = 0x760
 *fill*         0x9fc00492      0x75e 
                0x9fc00bf0                . = ALIGN (0x4)

reserve_boot_0x1fc00490_kseg1
                0xbfc00490      0x760
                0xbfc00490        0x2 SHORT 0x0
                0x00000760                . = 0x760
 *fill*         0xbfc00492      0x75e 
                0xbfc00bf0                . = ALIGN (0x4)
LOAD c:/program files (x86)/microchip/xc32/v1.40/bin/bin/../../lib/gcc/pic32mx/4.8.3/../../../../pic32mx/lib/./proc/32MX220F032B/crt0_mips32r2.o
LOAD c:/program files (x86)/microchip/xc32/v1.40/bin/bin/../../lib/gcc/pic32mx/4.8.3/../../../../pic32mx/lib\software-debug-break.o
LOAD build/shiro_imu_conf/debug/_ext/1360937237/app.o
LOAD build/shiro_imu_conf/debug/_ext/1360937237/main.o
LOAD build/shiro_imu_conf/debug/_ext/1271179505/sys_devcon.o
LOAD build/shiro_imu_conf/debug/_ext/1271179505/sys_devcon_pic32mx.o
LOAD build/shiro_imu_conf/debug/_ext/122796885/sys_int_pic32.o
LOAD build/shiro_imu_conf/debug/_ext/77319752/sys_ports.o
LOAD build/shiro_imu_conf/debug/_ext/135633767/drv_usart_static.o
LOAD build/shiro_imu_conf/debug/_ext/1798460832/sys_clk_static.o
LOAD build/shiro_imu_conf/debug/_ext/1058378512/sys_ports_static.o
LOAD build/shiro_imu_conf/debug/_ext/575701897/system_init.o
LOAD build/shiro_imu_conf/debug/_ext/575701897/system_interrupt.o
LOAD build/shiro_imu_conf/debug/_ext/575701897/system_exceptions.o
LOAD build/shiro_imu_conf/debug/_ext/575701897/system_tasks.o
LOAD ..\..\..\..\bin\framework\peripheral\PIC32MX220F032B_peripherals.a
                0x00000001                __MPLAB_BUILD = 0x1
                0x00000001                __MPLAB_DEBUG = 0x1
                0x00000001                __DEBUG = 0x1
                0x00000001                __MPLAB_DEBUGGER_PK3 = 0x1
                0x00000000                _min_heap_size = 0x0
LOAD c:/program files (x86)/microchip/xc32/v1.40/bin/bin/../../lib/gcc/pic32mx/4.8.3/../../../../pic32mx/lib/./proc/32MX220F032B\default_isr_vectors.o
LOAD c:/program files (x86)/microchip/xc32/v1.40/bin/bin/../../lib/gcc/pic32mx/4.8.3/../../../../pic32mx/lib\pic32_software_reset.o
                0x00000400                PROVIDE (_min_stack_size, 0x400)
LOAD c:/program files (x86)/microchip/xc32/v1.40/bin/bin/../../lib/gcc/pic32mx/4.8.3/../../../../pic32mx/lib/./proc/32MX220F032B\processor.o
START GROUP
LOAD libmchp_peripheral.a
END GROUP
START GROUP
LOAD libmchp_peripheral_32MX220F032B.a
END GROUP
                0x00000001                PROVIDE (_vector_spacing, 0x1)
                0x9d000000                _ebase_address = 0x9d000000
                0xbfc00000                _RESET_ADDR = 0xbfc00000
                0xbfc00380                _BEV_EXCPT_ADDR = 0xbfc00380
                0xbfc00480                _DBG_EXCPT_ADDR = 0xbfc00480
                0x9fc00490                _DBG_CODE_ADDR = 0x9fc00490
                0x00000760                _DBG_CODE_SIZE = 0x760
                0x9d000180                _GEN_EXCPT_ADDR = (_ebase_address + 0x180)

.config_BFC00BF0
                0xbfc00bf0        0x4
 *(.config_BFC00BF0)
 .config_BFC00BF0
                0xbfc00bf0        0x4 build/shiro_imu_conf/debug/_ext/575701897/system_init.o

.config_BFC00BF4
                0xbfc00bf4        0x4
 *(.config_BFC00BF4)
 .config_BFC00BF4
                0xbfc00bf4        0x4 build/shiro_imu_conf/debug/_ext/575701897/system_init.o

.config_BFC00BF8
                0xbfc00bf8        0x4
 *(.config_BFC00BF8)
 .config_BFC00BF8
                0xbfc00bf8        0x4 build/shiro_imu_conf/debug/_ext/575701897/system_init.o

.config_BFC00BFC
                0xbfc00bfc        0x4
 *(.config_BFC00BFC)
 .config_BFC00BFC
                0xbfc00bfc        0x4 build/shiro_imu_conf/debug/_ext/575701897/system_init.o
                0xbfc02000                PROVIDE (_DBG_CODE_ADDR, 0xbfc02000)
                0x00000ff0                PROVIDE (_DBG_CODE_SIZE, 0xff0)

.reset          0xbfc00000      0x1d0
 *(.reset)
 .reset         0xbfc00000        0x8 c:/program files (x86)/microchip/xc32/v1.40/bin/bin/../../lib/gcc/pic32mx/4.8.3/../../../../pic32mx/lib/./proc/32MX220F032B/crt0_mips32r2.o
                0xbfc00000                _reset
 *(.reset.startup)
 .reset.startup
                0xbfc00008      0x1c8 c:/program files (x86)/microchip/xc32/v1.40/bin/bin/../../lib/gcc/pic32mx/4.8.3/../../../../pic32mx/lib/./proc/32MX220F032B/crt0_mips32r2.o

.bev_excpt      0xbfc00380       0x10
 *(.bev_handler)
 .bev_handler   0xbfc00380       0x10 c:/program files (x86)/microchip/xc32/v1.40/bin/bin/../../lib/gcc/pic32mx/4.8.3/../../../../pic32mx/lib/./proc/32MX220F032B/crt0_mips32r2.o

.dbg_excpt      0xbfc00480        0x0
                0xbfc00480                . = (. + DEFINED (_DEBUGGER)?0x8:0x0)

.dbg_code       0x9fc00490        0x0
                0x9fc00490                . = (. + DEFINED (_DEBUGGER)?_DBG_CODE_SIZE:0x0)

.app_excpt      0x9d000180       0x10
 *(.gen_handler)
 .gen_handler   0x9d000180       0x10 c:/program files (x86)/microchip/xc32/v1.40/bin/bin/../../lib/gcc/pic32mx/4.8.3/../../../../pic32mx/lib/./proc/32MX220F032B/crt0_mips32r2.o

.vector_0       0x9d000200        0x8
 *(.vector_0)
 .vector_0      0x9d000200        0x8 c:/program files (x86)/microchip/xc32/v1.40/bin/bin/../../lib/gcc/pic32mx/4.8.3/../../../../pic32mx/lib\libpic32.a(vector0.o)
                0x9d000200                __vector_dispatch_0
                0x00000001                ASSERT (((_vector_spacing == 0x0) || (SIZEOF (.vector_0) <= (_vector_spacing << 0x5))), function at exception vector 0 too large)

.vector_1       0x9d000220        0x8
 *(.vector_1)
 .vector_1      0x9d000220        0x8 c:/program files (x86)/microchip/xc32/v1.40/bin/bin/../../lib/gcc/pic32mx/4.8.3/../../../../pic32mx/lib\libpic32.a(vector1.o)
                0x9d000220                __vector_dispatch_1
                0x00000001                ASSERT (((_vector_spacing == 0x0) || (SIZEOF (.vector_1) <= (_vector_spacing << 0x5))), function at exception vector 1 too large)

.vector_2       0x9d000240        0x8
 *(.vector_2)
 .vector_2      0x9d000240        0x8 c:/program files (x86)/microchip/xc32/v1.40/bin/bin/../../lib/gcc/pic32mx/4.8.3/../../../../pic32mx/lib\libpic32.a(vector2.o)
                0x9d000240                __vector_dispatch_2
                0x00000001                ASSERT (((_vector_spacing == 0x0) || (SIZEOF (.vector_2) <= (_vector_spacing << 0x5))), function at exception vector 2 too large)

.vector_3       0x9d000260        0x8
 *(.vector_3)
 .vector_3      0x9d000260        0x8 c:/program files (x86)/microchip/xc32/v1.40/bin/bin/../../lib/gcc/pic32mx/4.8.3/../../../../pic32mx/lib\libpic32.a(vector3.o)
                0x9d000260                __vector_dispatch_3
                0x00000001                ASSERT (((_vector_spacing == 0x0) || (SIZEOF (.vector_3) <= (_vector_spacing << 0x5))), function at exception vector 3 too large)

.vector_4       0x9d000280        0x8
 *(.vector_4)
 .vector_4      0x9d000280        0x8 c:/program files (x86)/microchip/xc32/v1.40/bin/bin/../../lib/gcc/pic32mx/4.8.3/../../../../pic32mx/lib\libpic32.a(vector4.o)
                0x9d000280                __vector_dispatch_4
                0x00000001                ASSERT (((_vector_spacing == 0x0) || (SIZEOF (.vector_4) <= (_vector_spacing << 0x5))), function at exception vector 4 too large)

.vector_5       0x9d0002a0        0x8
 *(.vector_5)
 .vector_5      0x9d0002a0        0x8 c:/program files (x86)/microchip/xc32/v1.40/bin/bin/../../lib/gcc/pic32mx/4.8.3/../../../../pic32mx/lib\libpic32.a(vector5.o)
                0x9d0002a0                __vector_dispatch_5
                0x00000001                ASSERT (((_vector_spacing == 0x0) || (SIZEOF (.vector_5) <= (_vector_spacing << 0x5))), function at exception vector 5 too large)

.vector_6       0x9d0002c0        0x8
 *(.vector_6)
 .vector_6      0x9d0002c0        0x8 c:/program files (x86)/microchip/xc32/v1.40/bin/bin/../../lib/gcc/pic32mx/4.8.3/../../../../pic32mx/lib\libpic32.a(vector6.o)
                0x9d0002c0                __vector_dispatch_6
                0x00000001                ASSERT (((_vector_spacing == 0x0) || (SIZEOF (.vector_6) <= (_vector_spacing << 0x5))), function at exception vector 6 too large)

.vector_7       0x9d0002e0        0x8
 *(.vector_7)
 .vector_7      0x9d0002e0        0x8 c:/program files (x86)/microchip/xc32/v1.40/bin/bin/../../lib/gcc/pic32mx/4.8.3/../../../../pic32mx/lib\libpic32.a(vector7.o)
                0x9d0002e0                __vector_dispatch_7
                0x00000001                ASSERT (((_vector_spacing == 0x0) || (SIZEOF (.vector_7) <= (_vector_spacing << 0x5))), function at exception vector 7 too large)

.vector_8       0x9d000300        0x8
 *(.vector_8)
 .vector_8      0x9d000300        0x8 c:/program files (x86)/microchip/xc32/v1.40/bin/bin/../../lib/gcc/pic32mx/4.8.3/../../../../pic32mx/lib\libpic32.a(vector8.o)
                0x9d000300                __vector_dispatch_8
                0x00000001                ASSERT (((_vector_spacing == 0x0) || (SIZEOF (.vector_8) <= (_vector_spacing << 0x5))), function at exception vector 8 too large)

.vector_9       0x9d000320        0x8
 *(.vector_9)
 .vector_9      0x9d000320        0x8 c:/program files (x86)/microchip/xc32/v1.40/bin/bin/../../lib/gcc/pic32mx/4.8.3/../../../../pic32mx/lib\libpic32.a(vector9.o)
                0x9d000320                __vector_dispatch_9
                0x00000001                ASSERT (((_vector_spacing == 0x0) || (SIZEOF (.vector_9) <= (_vector_spacing << 0x5))), function at exception vector 9 too large)

.vector_10      0x9d000340        0x8
 *(.vector_10)
 .vector_10     0x9d000340        0x8 c:/program files (x86)/microchip/xc32/v1.40/bin/bin/../../lib/gcc/pic32mx/4.8.3/../../../../pic32mx/lib\libpic32.a(vector10.o)
                0x9d000340                __vector_dispatch_10
                0x00000001                ASSERT (((_vector_spacing == 0x0) || (SIZEOF (.vector_10) <= (_vector_spacing << 0x5))), function at exception vector 10 too large)

.vector_11      0x9d000360        0x8
 *(.vector_11)
 .vector_11     0x9d000360        0x8 c:/program files (x86)/microchip/xc32/v1.40/bin/bin/../../lib/gcc/pic32mx/4.8.3/../../../../pic32mx/lib\libpic32.a(vector11.o)
                0x9d000360                __vector_dispatch_11
                0x00000001                ASSERT (((_vector_spacing == 0x0) || (SIZEOF (.vector_11) <= (_vector_spacing << 0x5))), function at exception vector 11 too large)

.vector_12      0x9d000380        0x8
 *(.vector_12)
 .vector_12     0x9d000380        0x8 c:/program files (x86)/microchip/xc32/v1.40/bin/bin/../../lib/gcc/pic32mx/4.8.3/../../../../pic32mx/lib\libpic32.a(vector12.o)
                0x9d000380                __vector_dispatch_12
                0x00000001                ASSERT (((_vector_spacing == 0x0) || (SIZEOF (.vector_12) <= (_vector_spacing << 0x5))), function at exception vector 12 too large)

.vector_13      0x9d0003a0        0x8
 *(.vector_13)
 .vector_13     0x9d0003a0        0x8 c:/program files (x86)/microchip/xc32/v1.40/bin/bin/../../lib/gcc/pic32mx/4.8.3/../../../../pic32mx/lib\libpic32.a(vector13.o)
                0x9d0003a0                __vector_dispatch_13
                0x00000001                ASSERT (((_vector_spacing == 0x0) || (SIZEOF (.vector_13) <= (_vector_spacing << 0x5))), function at exception vector 13 too large)

.vector_14      0x9d0003c0        0x8
 *(.vector_14)
 .vector_14     0x9d0003c0        0x8 c:/program files (x86)/microchip/xc32/v1.40/bin/bin/../../lib/gcc/pic32mx/4.8.3/../../../../pic32mx/lib\libpic32.a(vector14.o)
                0x9d0003c0                __vector_dispatch_14
                0x00000001                ASSERT (((_vector_spacing == 0x0) || (SIZEOF (.vector_14) <= (_vector_spacing << 0x5))), function at exception vector 14 too large)

.vector_15      0x9d0003e0        0x8
 *(.vector_15)
 .vector_15     0x9d0003e0        0x8 c:/program files (x86)/microchip/xc32/v1.40/bin/bin/../../lib/gcc/pic32mx/4.8.3/../../../../pic32mx/lib\libpic32.a(vector15.o)
                0x9d0003e0                __vector_dispatch_15
                0x00000001                ASSERT (((_vector_spacing == 0x0) || (SIZEOF (.vector_15) <= (_vector_spacing << 0x5))), function at exception vector 15 too large)

.vector_16      0x9d000400        0x8
 *(.vector_16)
 .vector_16     0x9d000400        0x8 c:/program files (x86)/microchip/xc32/v1.40/bin/bin/../../lib/gcc/pic32mx/4.8.3/../../../../pic32mx/lib\libpic32.a(vector16.o)
                0x9d000400                __vector_dispatch_16
                0x00000001                ASSERT (((_vector_spacing == 0x0) || (SIZEOF (.vector_16) <= (_vector_spacing << 0x5))), function at exception vector 16 too large)

.vector_17      0x9d000420        0x8
 *(.vector_17)
 .vector_17     0x9d000420        0x8 c:/program files (x86)/microchip/xc32/v1.40/bin/bin/../../lib/gcc/pic32mx/4.8.3/../../../../pic32mx/lib\libpic32.a(vector17.o)
                0x9d000420                __vector_dispatch_17
                0x00000001                ASSERT (((_vector_spacing == 0x0) || (SIZEOF (.vector_17) <= (_vector_spacing << 0x5))), function at exception vector 17 too large)

.vector_18      0x9d000440        0x8
 *(.vector_18)
 .vector_18     0x9d000440        0x8 c:/program files (x86)/microchip/xc32/v1.40/bin/bin/../../lib/gcc/pic32mx/4.8.3/../../../../pic32mx/lib\libpic32.a(vector18.o)
                0x9d000440                __vector_dispatch_18
                0x00000001                ASSERT (((_vector_spacing == 0x0) || (SIZEOF (.vector_18) <= (_vector_spacing << 0x5))), function at exception vector 18 too large)

.vector_19      0x9d000460        0x8
 *(.vector_19)
 .vector_19     0x9d000460        0x8 c:/program files (x86)/microchip/xc32/v1.40/bin/bin/../../lib/gcc/pic32mx/4.8.3/../../../../pic32mx/lib\libpic32.a(vector19.o)
                0x9d000460                __vector_dispatch_19
                0x00000001                ASSERT (((_vector_spacing == 0x0) || (SIZEOF (.vector_19) <= (_vector_spacing << 0x5))), function at exception vector 19 too large)

.vector_20      0x9d000480        0x8
 *(.vector_20)
 .vector_20     0x9d000480        0x8 c:/program files (x86)/microchip/xc32/v1.40/bin/bin/../../lib/gcc/pic32mx/4.8.3/../../../../pic32mx/lib\libpic32.a(vector20.o)
                0x9d000480                __vector_dispatch_20
                0x00000001                ASSERT (((_vector_spacing == 0x0) || (SIZEOF (.vector_20) <= (_vector_spacing << 0x5))), function at exception vector 20 too large)

.vector_21      0x9d0004a0        0x8
 *(.vector_21)
 .vector_21     0x9d0004a0        0x8 c:/program files (x86)/microchip/xc32/v1.40/bin/bin/../../lib/gcc/pic32mx/4.8.3/../../../../pic32mx/lib\libpic32.a(vector21.o)
                0x9d0004a0                __vector_dispatch_21
                0x00000001                ASSERT (((_vector_spacing == 0x0) || (SIZEOF (.vector_21) <= (_vector_spacing << 0x5))), function at exception vector 21 too large)

.vector_22      0x9d0004c0        0x8
 *(.vector_22)
 .vector_22     0x9d0004c0        0x8 c:/program files (x86)/microchip/xc32/v1.40/bin/bin/../../lib/gcc/pic32mx/4.8.3/../../../../pic32mx/lib\libpic32.a(vector22.o)
                0x9d0004c0                __vector_dispatch_22
                0x00000001                ASSERT (((_vector_spacing == 0x0) || (SIZEOF (.vector_22) <= (_vector_spacing << 0x5))), function at exception vector 22 too large)

.vector_23      0x9d0004e0        0x8
 *(.vector_23)
 .vector_23     0x9d0004e0        0x8 c:/program files (x86)/microchip/xc32/v1.40/bin/bin/../../lib/gcc/pic32mx/4.8.3/../../../../pic32mx/lib\libpic32.a(vector23.o)
                0x9d0004e0                __vector_dispatch_23
                0x00000001                ASSERT (((_vector_spacing == 0x0) || (SIZEOF (.vector_23) <= (_vector_spacing << 0x5))), function at exception vector 23 too large)

.vector_24      0x9d000500        0x8
 *(.vector_24)
 .vector_24     0x9d000500        0x8 c:/program files (x86)/microchip/xc32/v1.40/bin/bin/../../lib/gcc/pic32mx/4.8.3/../../../../pic32mx/lib\libpic32.a(vector24.o)
                0x9d000500                __vector_dispatch_24
                0x00000001                ASSERT (((_vector_spacing == 0x0) || (SIZEOF (.vector_24) <= (_vector_spacing << 0x5))), function at exception vector 24 too large)

.vector_25      0x9d000520        0x8
 *(.vector_25)
 .vector_25     0x9d000520        0x8 c:/program files (x86)/microchip/xc32/v1.40/bin/bin/../../lib/gcc/pic32mx/4.8.3/../../../../pic32mx/lib\libpic32.a(vector25.o)
                0x9d000520                __vector_dispatch_25
                0x00000001                ASSERT (((_vector_spacing == 0x0) || (SIZEOF (.vector_25) <= (_vector_spacing << 0x5))), function at exception vector 25 too large)

.vector_26      0x9d000540        0x8
 *(.vector_26)
 .vector_26     0x9d000540        0x8 c:/program files (x86)/microchip/xc32/v1.40/bin/bin/../../lib/gcc/pic32mx/4.8.3/../../../../pic32mx/lib\libpic32.a(vector26.o)
                0x9d000540                __vector_dispatch_26
                0x00000001                ASSERT (((_vector_spacing == 0x0) || (SIZEOF (.vector_26) <= (_vector_spacing << 0x5))), function at exception vector 26 too large)

.vector_27      0x9d000560        0x8
 *(.vector_27)
 .vector_27     0x9d000560        0x8 c:/program files (x86)/microchip/xc32/v1.40/bin/bin/../../lib/gcc/pic32mx/4.8.3/../../../../pic32mx/lib\libpic32.a(vector27.o)
                0x9d000560                __vector_dispatch_27
                0x00000001                ASSERT (((_vector_spacing == 0x0) || (SIZEOF (.vector_27) <= (_vector_spacing << 0x5))), function at exception vector 27 too large)

.vector_28      0x9d000580        0x8
 *(.vector_28)
 .vector_28     0x9d000580        0x8 c:/program files (x86)/microchip/xc32/v1.40/bin/bin/../../lib/gcc/pic32mx/4.8.3/../../../../pic32mx/lib\libpic32.a(vector28.o)
                0x9d000580                __vector_dispatch_28
                0x00000001                ASSERT (((_vector_spacing == 0x0) || (SIZEOF (.vector_28) <= (_vector_spacing << 0x5))), function at exception vector 28 too large)

.vector_29      0x9d0005a0        0x8
 *(.vector_29)
 .vector_29     0x9d0005a0        0x8 c:/program files (x86)/microchip/xc32/v1.40/bin/bin/../../lib/gcc/pic32mx/4.8.3/../../../../pic32mx/lib\libpic32.a(vector29.o)
                0x9d0005a0                __vector_dispatch_29
                0x00000001                ASSERT (((_vector_spacing == 0x0) || (SIZEOF (.vector_29) <= (_vector_spacing << 0x5))), function at exception vector 29 too large)

.vector_30      0x9d0005c0        0x8
 *(.vector_30)
 .vector_30     0x9d0005c0        0x8 c:/program files (x86)/microchip/xc32/v1.40/bin/bin/../../lib/gcc/pic32mx/4.8.3/../../../../pic32mx/lib\libpic32.a(vector30.o)
                0x9d0005c0                __vector_dispatch_30
                0x00000001                ASSERT (((_vector_spacing == 0x0) || (SIZEOF (.vector_30) <= (_vector_spacing << 0x5))), function at exception vector 30 too large)

.vector_31      0x9d0005e0        0x8
 *(.vector_31)
 .vector_31     0x9d0005e0        0x8 c:/program files (x86)/microchip/xc32/v1.40/bin/bin/../../lib/gcc/pic32mx/4.8.3/../../../../pic32mx/lib\libpic32.a(vector31.o)
                0x9d0005e0                __vector_dispatch_31
                0x00000001                ASSERT (((_vector_spacing == 0x0) || (SIZEOF (.vector_31) <= (_vector_spacing << 0x5))), function at exception vector 31 too large)

.vector_32      0x9d000600        0x8
 *(.vector_32)
 .vector_32     0x9d000600        0x8 build/shiro_imu_conf/debug/_ext/575701897/system_interrupt.o
                0x9d000600                __vector_dispatch_32
                0x00000001                ASSERT (((_vector_spacing == 0x0) || (SIZEOF (.vector_32) <= (_vector_spacing << 0x5))), function at exception vector 32 too large)

.vector_33      0x9d000620        0x8
 *(.vector_33)
 .vector_33     0x9d000620        0x8 c:/program files (x86)/microchip/xc32/v1.40/bin/bin/../../lib/gcc/pic32mx/4.8.3/../../../../pic32mx/lib\libpic32.a(vector33.o)
                0x9d000620                __vector_dispatch_33
                0x00000001                ASSERT (((_vector_spacing == 0x0) || (SIZEOF (.vector_33) <= (_vector_spacing << 0x5))), function at exception vector 33 too large)

.vector_34      0x9d000640        0x8
 *(.vector_34)
 .vector_34     0x9d000640        0x8 c:/program files (x86)/microchip/xc32/v1.40/bin/bin/../../lib/gcc/pic32mx/4.8.3/../../../../pic32mx/lib\libpic32.a(vector34.o)
                0x9d000640                __vector_dispatch_34
                0x00000001                ASSERT (((_vector_spacing == 0x0) || (SIZEOF (.vector_34) <= (_vector_spacing << 0x5))), function at exception vector 34 too large)

.vector_35      0x9d000660        0x8
 *(.vector_35)
 .vector_35     0x9d000660        0x8 c:/program files (x86)/microchip/xc32/v1.40/bin/bin/../../lib/gcc/pic32mx/4.8.3/../../../../pic32mx/lib\libpic32.a(vector35.o)
                0x9d000660                __vector_dispatch_35
                0x00000001                ASSERT (((_vector_spacing == 0x0) || (SIZEOF (.vector_35) <= (_vector_spacing << 0x5))), function at exception vector 35 too large)

.vector_36      0x9d000680        0x8
 *(.vector_36)
 .vector_36     0x9d000680        0x8 c:/program files (x86)/microchip/xc32/v1.40/bin/bin/../../lib/gcc/pic32mx/4.8.3/../../../../pic32mx/lib\libpic32.a(vector36.o)
                0x9d000680                __vector_dispatch_36
                0x00000001                ASSERT (((_vector_spacing == 0x0) || (SIZEOF (.vector_36) <= (_vector_spacing << 0x5))), function at exception vector 36 too large)

.vector_37      0x9d0006a0        0x8
 *(.vector_37)
 .vector_37     0x9d0006a0        0x8 build/shiro_imu_conf/debug/_ext/575701897/system_interrupt.o
                0x9d0006a0                __vector_dispatch_37
                0x00000001                ASSERT (((_vector_spacing == 0x0) || (SIZEOF (.vector_37) <= (_vector_spacing << 0x5))), function at exception vector 37 too large)

.vector_38      0x9d0006c0        0x8
 *(.vector_38)
 .vector_38     0x9d0006c0        0x8 c:/program files (x86)/microchip/xc32/v1.40/bin/bin/../../lib/gcc/pic32mx/4.8.3/../../../../pic32mx/lib\libpic32.a(vector38.o)
                0x9d0006c0                __vector_dispatch_38
                0x00000001                ASSERT (((_vector_spacing == 0x0) || (SIZEOF (.vector_38) <= (_vector_spacing << 0x5))), function at exception vector 38 too large)

.vector_39      0x9d0006e0        0x8
 *(.vector_39)
 .vector_39     0x9d0006e0        0x8 c:/program files (x86)/microchip/xc32/v1.40/bin/bin/../../lib/gcc/pic32mx/4.8.3/../../../../pic32mx/lib\libpic32.a(vector39.o)
                0x9d0006e0                __vector_dispatch_39
                0x00000001                ASSERT (((_vector_spacing == 0x0) || (SIZEOF (.vector_39) <= (_vector_spacing << 0x5))), function at exception vector 39 too large)

.vector_40      0x9d000700        0x8
 *(.vector_40)
 .vector_40     0x9d000700        0x8 c:/program files (x86)/microchip/xc32/v1.40/bin/bin/../../lib/gcc/pic32mx/4.8.3/../../../../pic32mx/lib\libpic32.a(vector40.o)
                0x9d000700                __vector_dispatch_40
                0x00000001                ASSERT (((_vector_spacing == 0x0) || (SIZEOF (.vector_40) <= (_vector_spacing << 0x5))), function at exception vector 40 too large)

.vector_41      0x9d000720        0x8
 *(.vector_41)
 .vector_41     0x9d000720        0x8 c:/program files (x86)/microchip/xc32/v1.40/bin/bin/../../lib/gcc/pic32mx/4.8.3/../../../../pic32mx/lib\libpic32.a(vector41.o)
                0x9d000720                __vector_dispatch_41
                0x00000001                ASSERT (((_vector_spacing == 0x0) || (SIZEOF (.vector_41) <= (_vector_spacing << 0x5))), function at exception vector 41 too large)

.vector_42      0x9d000740        0x8
 *(.vector_42)
 .vector_42     0x9d000740        0x8 c:/program files (x86)/microchip/xc32/v1.40/bin/bin/../../lib/gcc/pic32mx/4.8.3/../../../../pic32mx/lib\libpic32.a(vector42.o)
                0x9d000740                __vector_dispatch_42
                0x00000001                ASSERT (((_vector_spacing == 0x0) || (SIZEOF (.vector_42) <= (_vector_spacing << 0x5))), function at exception vector 42 too large)

.vector_43      0x9d000760        0x8
 *(.vector_43)
 .vector_43     0x9d000760        0x8 c:/program files (x86)/microchip/xc32/v1.40/bin/bin/../../lib/gcc/pic32mx/4.8.3/../../../../pic32mx/lib\libpic32.a(vector43.o)
                0x9d000760                __vector_dispatch_43
                0x00000001                ASSERT (((_vector_spacing == 0x0) || (SIZEOF (.vector_43) <= (_vector_spacing << 0x5))), function at exception vector 43 too large)

.vector_44      0x9d000780        0x0
 *(.vector_44)
                0x00000001                ASSERT (((_vector_spacing == 0x0) || (SIZEOF (.vector_44) <= (_vector_spacing << 0x5))), function at exception vector 44 too large)

.vector_45      0x9d0007a0        0x0
 *(.vector_45)
                0x00000001                ASSERT (((_vector_spacing == 0x0) || (SIZEOF (.vector_45) <= (_vector_spacing << 0x5))), function at exception vector 45 too large)

.vector_46      0x9d0007c0        0x0
 *(.vector_46)
                0x00000001                ASSERT (((_vector_spacing == 0x0) || (SIZEOF (.vector_46) <= (_vector_spacing << 0x5))), function at exception vector 46 too large)

.vector_47      0x9d0007e0        0x0
 *(.vector_47)
                0x00000001                ASSERT (((_vector_spacing == 0x0) || (SIZEOF (.vector_47) <= (_vector_spacing << 0x5))), function at exception vector 47 too large)

.vector_48      0x9d000800        0x0
 *(.vector_48)
                0x00000001                ASSERT (((_vector_spacing == 0x0) || (SIZEOF (.vector_48) <= (_vector_spacing << 0x5))), function at exception vector 48 too large)

.vector_49      0x9d000820        0x0
 *(.vector_49)
                0x00000001                ASSERT (((_vector_spacing == 0x0) || (SIZEOF (.vector_49) <= (_vector_spacing << 0x5))), function at exception vector 49 too large)

.vector_50      0x9d000840        0x0
 *(.vector_50)
                0x00000001                ASSERT (((_vector_spacing == 0x0) || (SIZEOF (.vector_50) <= (_vector_spacing << 0x5))), function at exception vector 50 too large)

.vector_51      0x9d000860        0x0
 *(.vector_51)
                0x00000001                ASSERT (((_vector_spacing == 0x0) || (SIZEOF (.vector_51) <= (_vector_spacing << 0x5))), function at exception vector 51 too large)

.vector_52      0x9d000880        0x0
 *(.vector_52)
                0x00000001                ASSERT (((_vector_spacing == 0x0) || (SIZEOF (.vector_52) <= (_vector_spacing << 0x5))), function at exception vector 52 too large)

.vector_53      0x9d0008a0        0x0
 *(.vector_53)
                0x00000001                ASSERT (((_vector_spacing == 0x0) || (SIZEOF (.vector_53) <= (_vector_spacing << 0x5))), function at exception vector 53 too large)

.vector_54      0x9d0008c0        0x0
 *(.vector_54)
                0x00000001                ASSERT (((_vector_spacing == 0x0) || (SIZEOF (.vector_54) <= (_vector_spacing << 0x5))), function at exception vector 54 too large)

.vector_55      0x9d0008e0        0x0
 *(.vector_55)
                0x00000001                ASSERT (((_vector_spacing == 0x0) || (SIZEOF (.vector_55) <= (_vector_spacing << 0x5))), function at exception vector 55 too large)

.vector_56      0x9d000900        0x0
 *(.vector_56)
                0x00000001                ASSERT (((_vector_spacing == 0x0) || (SIZEOF (.vector_56) <= (_vector_spacing << 0x5))), function at exception vector 56 too large)

.vector_57      0x9d000920        0x0
 *(.vector_57)
                0x00000001                ASSERT (((_vector_spacing == 0x0) || (SIZEOF (.vector_57) <= (_vector_spacing << 0x5))), function at exception vector 57 too large)

.vector_58      0x9d000940        0x0
 *(.vector_58)
                0x00000001                ASSERT (((_vector_spacing == 0x0) || (SIZEOF (.vector_58) <= (_vector_spacing << 0x5))), function at exception vector 58 too large)

.vector_59      0x9d000960        0x0
 *(.vector_59)
                0x00000001                ASSERT (((_vector_spacing == 0x0) || (SIZEOF (.vector_59) <= (_vector_spacing << 0x5))), function at exception vector 59 too large)

.vector_60      0x9d000980        0x0
 *(.vector_60)
                0x00000001                ASSERT (((_vector_spacing == 0x0) || (SIZEOF (.vector_60) <= (_vector_spacing << 0x5))), function at exception vector 60 too large)

.vector_61      0x9d0009a0        0x0
 *(.vector_61)
                0x00000001                ASSERT (((_vector_spacing == 0x0) || (SIZEOF (.vector_61) <= (_vector_spacing << 0x5))), function at exception vector 61 too large)

.vector_62      0x9d0009c0        0x0
 *(.vector_62)
                0x00000001                ASSERT (((_vector_spacing == 0x0) || (SIZEOF (.vector_62) <= (_vector_spacing << 0x5))), function at exception vector 62 too large)

.vector_63      0x9d0009e0        0x0
 *(.vector_63)
                0x00000001                ASSERT (((_vector_spacing == 0x0) || (SIZEOF (.vector_63) <= (_vector_spacing << 0x5))), function at exception vector 63 too large)

.startup
 *(.startup)

.text           0x9d000780        0x0
 *(.stub .gnu.linkonce.t.*)
 *(.text.*personality*)
 *(.mips16.fn.*)
 *(.mips16.call.*)
 *(.gnu.warning)
                0x9d000780                . = ALIGN (0x4)

.init           0x9d000780        0x0
 *crti.o(.init)
 *crtbegin.o(.init)
 *(EXCLUDE_FILE(*crtn.o *crtend?.o *crtend.o) .init)
 *crtend.o(.init)
 *crtn.o(.init)
                0x9d000780                . = ALIGN (0x4)

.fini           0x9d000780        0x0
 *(.fini)
                0x9d000780                . = ALIGN (0x4)

.preinit_array  0x9d000780        0x0
                0x9d000780                PROVIDE (__preinit_array_start, .)
 *(.preinit_array)
                0x9d000780                PROVIDE (__preinit_array_end, .)
                0x9d000780                . = ALIGN (0x4)

.init_array     0x9d000780        0x0
                0x9d000780                PROVIDE (__init_array_start, .)
 *(SORT(.init_array.*))
 *(.init_array)
                0x9d000780                PROVIDE (__init_array_end, .)
                0x9d000780                . = ALIGN (0x4)

.fini_array     0x9d000780        0x0
                0x9d000780                PROVIDE (__fini_array_start, .)
 *(SORT(.fini_array.*))
 *(.fini_array)
                0x9d000780                PROVIDE (__fini_array_end, .)
                0x9d000780                . = ALIGN (0x4)

.ctors          0x9d000780        0x0
 *crtbegin.o(.ctors)
 *crtbegin?.o(.ctors)
 *(EXCLUDE_FILE(*crtend?.o *crtend.o) .ctors)
 *(SORT(.ctors.*))
 *(.ctors)
                0x9d000780                . = ALIGN (0x4)

.dtors          0x9d000780        0x0
 *crtbegin.o(.dtors)
 *crtbegin?.o(.dtors)
 *(EXCLUDE_FILE(*crtend?.o *crtend.o) .dtors)
 *(SORT(.dtors.*))
 *(.dtors)
                0x9d000780                . = ALIGN (0x4)

.rodata         0x9d000780        0x0
 *(.gnu.linkonce.r.*)
 *(.rodata1)
                0x9d000780                . = ALIGN (0x4)

.sdata2         0x9fc00490        0x0
 *(.sdata2 .sdata2.* .gnu.linkonce.s2.*)
                0x9fc00490                . = ALIGN (0x4)

.sbss2          0x9fc00490        0x0
 *(.sbss2 .sbss2.* .gnu.linkonce.sb2.*)
                0x9fc00490                . = ALIGN (0x4)

.eh_frame_hdr
 *(.eh_frame_hdr)
                0x9fc00490                . = ALIGN (0x4)

.eh_frame
 *(.eh_frame)
                0x9fc00490                . = ALIGN (0x4)

.gcc_except_table
 *(.gcc_except_table .gcc_except_table.*)
                0x9fc00490                . = ALIGN (0x4)

.dbg_data       0xa0000200        0x0
                0xa0000200                . = (. + DEFINED (_DEBUGGER)?0x200:0x0)

.jcr            0xa0000200        0x0
 *(.jcr)
                0xa0000200                . = ALIGN (0x4)

.eh_frame
 *(.eh_frame)
                0xa0000200                . = ALIGN (0x4)

.gcc_except_table
 *(.gcc_except_table .gcc_except_table.*)
                0xa0000200                . = ALIGN (0x4)

.persist        0xa0000200        0x0
                0xa0000200                _persist_begin = .
 *(.persist .persist.*)
 *(.pbss .pbss.*)
                0xa0000200                . = ALIGN (0x4)
                0xa0000200                _persist_end = .

.data           0xa0000200        0x0
 *(.gnu.linkonce.d.*)
 *(.data1)
                0xa0000200                . = ALIGN (0x4)
                0xa0000200                . = .
                0xa00081f0                _gp = (ALIGN (0x10) + 0x7ff0)

.got            0xa0000200        0x0
 *(.got.plt)
 *(.got)
                0xa0000200                . = ALIGN (0x4)

.sdata          0xa0000200        0x0
                0xa0000200                _sdata_begin = .
 *(.sdata .sdata.* .gnu.linkonce.s.*)
                0xa0000200                . = ALIGN (0x4)
                0xa0000200                _sdata_end = .

.lit8
 *(.lit8)

.lit4
 *(.lit4)
                0xa0000200                . = ALIGN (0x4)
                0xa0000200                _data_end = .
                0xa0000200                _bss_begin = .

.sbss           0xa0000200       0x1c
                0xa0000200                _sbss_begin = .
 *(.dynsbss)
 *(.sbss .sbss.* .gnu.linkonce.sb.*)
 .sbss          0xa0000200        0xc build/shiro_imu_conf/debug/_ext/575701897/system_exceptions.o
 *(.scommon)
 .scommon       0xa000020c        0x4 build/shiro_imu_conf/debug/_ext/1360937237/app.o
                0xa000020c                appData
 .scommon       0xa0000210        0x8 build/shiro_imu_conf/debug/_ext/1271179505/sys_devcon.o
                0xa0000210                sysDevconObj
 .scommon       0xa0000218        0x4 build/shiro_imu_conf/debug/_ext/575701897/system_init.o
                0xa0000218                sysObj
                0xa000021c                _sbss_end = .
                0xa000021c                . = ALIGN (0x4)

.bss            0xa000021c        0x0
 *(.dynbss)
 *(COMMON)
                0xa000021c                . = ALIGN ((. != 0x0)?0x4:0x1)
                0xa000021c                . = ALIGN (0x4)
                0xa000021c                _end = .
                0xa000021c                _bss_end = .
                0x00002000                _bmxdudba_address = 0x2000
                0x00002000                _bmxdupba_address = 0x2000

/DISCARD/
 *(.pdr)
 *(.rel.dyn)
 *(.note.GNU-stack)
 *(.note.GNU-stack)
 *(.gnu_debuglink)
 *(.gnu.lto_*)
 *(.discard)

.gptab.sdata
 *(.gptab.data)
 *(.gptab.sdata)

.gptab.sbss
 *(.gptab.bss)
 *(.gptab.sbss)

.mdebug.abi32   0xa000021c        0x0
 *(.mdebug.abi32)
 .mdebug.abi32  0xa000021c        0x0 c:/program files (x86)/microchip/xc32/v1.40/bin/bin/../../lib/gcc/pic32mx/4.8.3/../../../../pic32mx/lib\software-debug-break.o
 .mdebug.abi32  0xa000021c        0x0 build/shiro_imu_conf/debug/_ext/1360937237/app.o
 .mdebug.abi32  0xa000021c        0x0 build/shiro_imu_conf/debug/_ext/1360937237/main.o
 .mdebug.abi32  0xa000021c        0x0 build/shiro_imu_conf/debug/_ext/1271179505/sys_devcon.o
 .mdebug.abi32  0xa000021c        0x0 build/shiro_imu_conf/debug/_ext/1271179505/sys_devcon_pic32mx.o
 .mdebug.abi32  0xa000021c        0x0 build/shiro_imu_conf/debug/_ext/122796885/sys_int_pic32.o
 .mdebug.abi32  0xa000021c        0x0 build/shiro_imu_conf/debug/_ext/77319752/sys_ports.o
 .mdebug.abi32  0xa000021c        0x0 build/shiro_imu_conf/debug/_ext/135633767/drv_usart_static.o
 .mdebug.abi32  0xa000021c        0x0 build/shiro_imu_conf/debug/_ext/1798460832/sys_clk_static.o
 .mdebug.abi32  0xa000021c        0x0 build/shiro_imu_conf/debug/_ext/1058378512/sys_ports_static.o
 .mdebug.abi32  0xa000021c        0x0 build/shiro_imu_conf/debug/_ext/575701897/system_init.o
 .mdebug.abi32  0xa000021c        0x0 build/shiro_imu_conf/debug/_ext/575701897/system_interrupt.o
 .mdebug.abi32  0xa000021c        0x0 build/shiro_imu_conf/debug/_ext/575701897/system_exceptions.o
 .mdebug.abi32  0xa000021c        0x0 build/shiro_imu_conf/debug/_ext/575701897/system_tasks.o
 .mdebug.abi32  0xa000021c        0x0 c:/program files (x86)/microchip/xc32/v1.40/bin/bin/../../lib/gcc/pic32mx/4.8.3/../../../../pic32mx/lib\libpic32.a(default-bootstrap-exception-handler.o)
 .mdebug.abi32  0xa000021c        0x0 c:/program files (x86)/microchip/xc32/v1.40/bin/bin/../../lib/gcc/pic32mx/4.8.3/../../../../pic32mx/lib\libpic32.a(default-on-reset.o)
 .mdebug.abi32  0xa000021c        0x0 c:/program files (x86)/microchip/xc32/v1.40/bin/bin/../../lib/gcc/pic32mx/4.8.3/../../../../pic32mx/lib\libpic32.a(default-on-bootstrap.o)
 .mdebug.abi32  0xa000021c        0x0 c:/program files (x86)/microchip/xc32/v1.40/bin/bin/../../lib/gcc/pic32mx/4.8.3/../../../../pic32mx/lib\libpic32.a(defaultinterrupt.o)

.mdebug.abiN32
 *(.mdebug.abiN32)

.mdebug.abi64
 *(.mdebug.abi64)

.mdebug.abiO64
 *(.mdebug.abiO64)

.mdebug.eabi32
 *(.mdebug.eabi32)

.mdebug.eabi64
 *(.mdebug.eabi64)

.gcc_compiled_long32
 *(.gcc_compiled_long32)

.gcc_compiled_long64
 *(.gcc_compiled_long64)

.stab
 *(.stab)

.stabstr
 *(.stabstr)

.stab.excl
 *(.stab.excl)

.stab.exclstr
 *(.stab.exclstr)

.stab.index
 *(.stab.index)

.stab.indexstr
 *(.stab.indexstr)

.comment        0x00000000       0x3c
 *(.comment)
 .comment       0x00000000       0x3c c:/program files (x86)/microchip/xc32/v1.40/bin/bin/../../lib/gcc/pic32mx/4.8.3/../../../../pic32mx/lib\software-debug-break.o
                                 0x3d (size before relaxing)
 .comment       0x00000000       0x3d build/shiro_imu_conf/debug/_ext/1360937237/app.o
 .comment       0x00000000       0x3d build/shiro_imu_conf/debug/_ext/1360937237/main.o
 .comment       0x00000000       0x3d build/shiro_imu_conf/debug/_ext/1271179505/sys_devcon.o
 .comment       0x00000000       0x3d build/shiro_imu_conf/debug/_ext/1271179505/sys_devcon_pic32mx.o
 .comment       0x00000000       0x3d build/shiro_imu_conf/debug/_ext/122796885/sys_int_pic32.o
 .comment       0x00000000       0x3d build/shiro_imu_conf/debug/_ext/77319752/sys_ports.o
 .comment       0x00000000       0x3d build/shiro_imu_conf/debug/_ext/135633767/drv_usart_static.o
 .comment       0x00000000       0x3d build/shiro_imu_conf/debug/_ext/1798460832/sys_clk_static.o
 .comment       0x00000000       0x3d build/shiro_imu_conf/debug/_ext/1058378512/sys_ports_static.o
 .comment       0x00000000       0x3d build/shiro_imu_conf/debug/_ext/575701897/system_init.o
 .comment       0x00000000       0x3d build/shiro_imu_conf/debug/_ext/575701897/system_interrupt.o
 .comment       0x00000000       0x3d build/shiro_imu_conf/debug/_ext/575701897/system_exceptions.o
 .comment       0x00000000       0x3d build/shiro_imu_conf/debug/_ext/575701897/system_tasks.o
 .comment       0x00000000       0x3d c:/program files (x86)/microchip/xc32/v1.40/bin/bin/../../lib/gcc/pic32mx/4.8.3/../../../../pic32mx/lib\libpic32.a(default-bootstrap-exception-handler.o)
 .comment       0x00000000       0x3d c:/program files (x86)/microchip/xc32/v1.40/bin/bin/../../lib/gcc/pic32mx/4.8.3/../../../../pic32mx/lib\libpic32.a(default-on-reset.o)
 .comment       0x00000000       0x3d c:/program files (x86)/microchip/xc32/v1.40/bin/bin/../../lib/gcc/pic32mx/4.8.3/../../../../pic32mx/lib\libpic32.a(default-on-bootstrap.o)
 .comment       0x00000000       0x3d c:/program files (x86)/microchip/xc32/v1.40/bin/bin/../../lib/gcc/pic32mx/4.8.3/../../../../pic32mx/lib\libpic32.a(defaultinterrupt.o)

.debug
 *(.debug)

.line
 *(.line)

.debug_srcinfo
 *(.debug_srcinfo)

.debug_sfnames
 *(.debug_sfnames)

.debug_aranges  0x00000000      0x3f0
 *(.debug_aranges)
 .debug_aranges
                0x00000000       0x20 c:/program files (x86)/microchip/xc32/v1.40/bin/bin/../../lib/gcc/pic32mx/4.8.3/../../../../pic32mx/lib\software-debug-break.o
 .debug_aranges
                0x00000020       0x28 build/shiro_imu_conf/debug/_ext/1360937237/app.o
 .debug_aranges
                0x00000048       0x20 build/shiro_imu_conf/debug/_ext/1360937237/main.o
 .debug_aranges
                0x00000068       0x78 build/shiro_imu_conf/debug/_ext/1271179505/sys_devcon.o
 .debug_aranges
                0x000000e0       0x20 build/shiro_imu_conf/debug/_ext/1271179505/sys_devcon_pic32mx.o
 .debug_aranges
                0x00000100       0x48 build/shiro_imu_conf/debug/_ext/122796885/sys_int_pic32.o
 .debug_aranges
                0x00000148       0xf8 build/shiro_imu_conf/debug/_ext/77319752/sys_ports.o
 .debug_aranges
                0x00000240       0x50 build/shiro_imu_conf/debug/_ext/135633767/drv_usart_static.o
 .debug_aranges
                0x00000290       0x38 build/shiro_imu_conf/debug/_ext/1798460832/sys_clk_static.o
 .debug_aranges
                0x000002c8       0x20 build/shiro_imu_conf/debug/_ext/1058378512/sys_ports_static.o
 .debug_aranges
                0x000002e8       0x20 build/shiro_imu_conf/debug/_ext/575701897/system_init.o
 .debug_aranges
                0x00000308       0x28 build/shiro_imu_conf/debug/_ext/575701897/system_interrupt.o
 .debug_aranges
                0x00000330       0x20 build/shiro_imu_conf/debug/_ext/575701897/system_exceptions.o
 .debug_aranges
                0x00000350       0x20 build/shiro_imu_conf/debug/_ext/575701897/system_tasks.o
 .debug_aranges
                0x00000370       0x20 c:/program files (x86)/microchip/xc32/v1.40/bin/bin/../../lib/gcc/pic32mx/4.8.3/../../../../pic32mx/lib\libpic32.a(default-bootstrap-exception-handler.o)
 .debug_aranges
                0x00000390       0x20 c:/program files (x86)/microchip/xc32/v1.40/bin/bin/../../lib/gcc/pic32mx/4.8.3/../../../../pic32mx/lib\libpic32.a(default-on-reset.o)
 .debug_aranges
                0x000003b0       0x20 c:/program files (x86)/microchip/xc32/v1.40/bin/bin/../../lib/gcc/pic32mx/4.8.3/../../../../pic32mx/lib\libpic32.a(default-on-bootstrap.o)
 .debug_aranges
                0x000003d0       0x20 c:/program files (x86)/microchip/xc32/v1.40/bin/bin/../../lib/gcc/pic32mx/4.8.3/../../../../pic32mx/lib\libpic32.a(defaultinterrupt.o)

.debug_pubnames
 *(.debug_pubnames)

.debug_info     0x00000000    0x103af
 *(.debug_info .gnu.linkonce.wi.*)
 .debug_info    0x00000000       0xd3 c:/program files (x86)/microchip/xc32/v1.40/bin/bin/../../lib/gcc/pic32mx/4.8.3/../../../../pic32mx/lib\software-debug-break.o
 .debug_info    0x000000d3      0x86f build/shiro_imu_conf/debug/_ext/1360937237/app.o
 .debug_info    0x00000942      0x1a6 build/shiro_imu_conf/debug/_ext/1360937237/main.o
 .debug_info    0x00000ae8      0xfbd build/shiro_imu_conf/debug/_ext/1271179505/sys_devcon.o
 .debug_info    0x00001aa5      0x74d build/shiro_imu_conf/debug/_ext/1271179505/sys_devcon_pic32mx.o
 .debug_info    0x000021f2     0x1299 build/shiro_imu_conf/debug/_ext/122796885/sys_int_pic32.o
 .debug_info    0x0000348b     0x3999 build/shiro_imu_conf/debug/_ext/77319752/sys_ports.o
 .debug_info    0x00006e24     0x3338 build/shiro_imu_conf/debug/_ext/135633767/drv_usart_static.o
 .debug_info    0x0000a15c     0x131b build/shiro_imu_conf/debug/_ext/1798460832/sys_clk_static.o
 .debug_info    0x0000b477     0x1e0e build/shiro_imu_conf/debug/_ext/1058378512/sys_ports_static.o
 .debug_info    0x0000d285      0xd28 build/shiro_imu_conf/debug/_ext/575701897/system_init.o
 .debug_info    0x0000dfad     0x1166 build/shiro_imu_conf/debug/_ext/575701897/system_interrupt.o
 .debug_info    0x0000f113      0x79a build/shiro_imu_conf/debug/_ext/575701897/system_exceptions.o
 .debug_info    0x0000f8ad      0x7c6 build/shiro_imu_conf/debug/_ext/575701897/system_tasks.o
 .debug_info    0x00010073       0xe3 c:/program files (x86)/microchip/xc32/v1.40/bin/bin/../../lib/gcc/pic32mx/4.8.3/../../../../pic32mx/lib\libpic32.a(default-bootstrap-exception-handler.o)
 .debug_info    0x00010156       0xbd c:/program files (x86)/microchip/xc32/v1.40/bin/bin/../../lib/gcc/pic32mx/4.8.3/../../../../pic32mx/lib\libpic32.a(default-on-reset.o)
 .debug_info    0x00010213       0xc5 c:/program files (x86)/microchip/xc32/v1.40/bin/bin/../../lib/gcc/pic32mx/4.8.3/../../../../pic32mx/lib\libpic32.a(default-on-bootstrap.o)
 .debug_info    0x000102d8       0xd7 c:/program files (x86)/microchip/xc32/v1.40/bin/bin/../../lib/gcc/pic32mx/4.8.3/../../../../pic32mx/lib\libpic32.a(defaultinterrupt.o)

.debug_abbrev   0x00000000     0x14dd
 *(.debug_abbrev)
 .debug_abbrev  0x00000000       0x28 c:/program files (x86)/microchip/xc32/v1.40/bin/bin/../../lib/gcc/pic32mx/4.8.3/../../../../pic32mx/lib\software-debug-break.o
 .debug_abbrev  0x00000028      0x133 build/shiro_imu_conf/debug/_ext/1360937237/app.o
 .debug_abbrev  0x0000015b       0x93 build/shiro_imu_conf/debug/_ext/1360937237/main.o
 .debug_abbrev  0x000001ee      0x2b9 build/shiro_imu_conf/debug/_ext/1271179505/sys_devcon.o
 .debug_abbrev  0x000004a7      0x162 build/shiro_imu_conf/debug/_ext/1271179505/sys_devcon_pic32mx.o
 .debug_abbrev  0x00000609      0x1ea build/shiro_imu_conf/debug/_ext/122796885/sys_int_pic32.o
 .debug_abbrev  0x000007f3      0x238 build/shiro_imu_conf/debug/_ext/77319752/sys_ports.o
 .debug_abbrev  0x00000a2b      0x218 build/shiro_imu_conf/debug/_ext/135633767/drv_usart_static.o
 .debug_abbrev  0x00000c43      0x1f8 build/shiro_imu_conf/debug/_ext/1798460832/sys_clk_static.o
 .debug_abbrev  0x00000e3b      0x138 build/shiro_imu_conf/debug/_ext/1058378512/sys_ports_static.o
 .debug_abbrev  0x00000f73      0x235 build/shiro_imu_conf/debug/_ext/575701897/system_init.o
 .debug_abbrev  0x000011a8      0x157 build/shiro_imu_conf/debug/_ext/575701897/system_interrupt.o
 .debug_abbrev  0x000012ff       0x7b build/shiro_imu_conf/debug/_ext/575701897/system_exceptions.o
 .debug_abbrev  0x0000137a       0xc3 build/shiro_imu_conf/debug/_ext/575701897/system_tasks.o
 .debug_abbrev  0x0000143d       0x28 c:/program files (x86)/microchip/xc32/v1.40/bin/bin/../../lib/gcc/pic32mx/4.8.3/../../../../pic32mx/lib\libpic32.a(default-bootstrap-exception-handler.o)
 .debug_abbrev  0x00001465       0x28 c:/program files (x86)/microchip/xc32/v1.40/bin/bin/../../lib/gcc/pic32mx/4.8.3/../../../../pic32mx/lib\libpic32.a(default-on-reset.o)
 .debug_abbrev  0x0000148d       0x28 c:/program files (x86)/microchip/xc32/v1.40/bin/bin/../../lib/gcc/pic32mx/4.8.3/../../../../pic32mx/lib\libpic32.a(default-on-bootstrap.o)
 .debug_abbrev  0x000014b5       0x28 c:/program files (x86)/microchip/xc32/v1.40/bin/bin/../../lib/gcc/pic32mx/4.8.3/../../../../pic32mx/lib\libpic32.a(defaultinterrupt.o)

.debug_line     0x00000000     0x335f
 *(.debug_line)
 .debug_line    0x00000000       0x8a c:/program files (x86)/microchip/xc32/v1.40/bin/bin/../../lib/gcc/pic32mx/4.8.3/../../../../pic32mx/lib\software-debug-break.o
 .debug_line    0x0000008a      0x1c3 build/shiro_imu_conf/debug/_ext/1360937237/app.o
 .debug_line    0x0000024d       0xb3 build/shiro_imu_conf/debug/_ext/1360937237/main.o
 .debug_line    0x00000300      0x5bf build/shiro_imu_conf/debug/_ext/1271179505/sys_devcon.o
 .debug_line    0x000008bf      0x379 build/shiro_imu_conf/debug/_ext/1271179505/sys_devcon_pic32mx.o
 .debug_line    0x00000c38      0x38c build/shiro_imu_conf/debug/_ext/122796885/sys_int_pic32.o
 .debug_line    0x00000fc4      0x821 build/shiro_imu_conf/debug/_ext/77319752/sys_ports.o
 .debug_line    0x000017e5      0x686 build/shiro_imu_conf/debug/_ext/135633767/drv_usart_static.o
 .debug_line    0x00001e6b      0x3cd build/shiro_imu_conf/debug/_ext/1798460832/sys_clk_static.o
 .debug_line    0x00002238      0x44a build/shiro_imu_conf/debug/_ext/1058378512/sys_ports_static.o
 .debug_line    0x00002682      0x46c build/shiro_imu_conf/debug/_ext/575701897/system_init.o
 .debug_line    0x00002aee      0x32c build/shiro_imu_conf/debug/_ext/575701897/system_interrupt.o
 .debug_line    0x00002e1a       0xf1 build/shiro_imu_conf/debug/_ext/575701897/system_exceptions.o
 .debug_line    0x00002f0b      0x21b build/shiro_imu_conf/debug/_ext/575701897/system_tasks.o
 .debug_line    0x00003126       0x97 c:/program files (x86)/microchip/xc32/v1.40/bin/bin/../../lib/gcc/pic32mx/4.8.3/../../../../pic32mx/lib\libpic32.a(default-bootstrap-exception-handler.o)
 .debug_line    0x000031bd       0x84 c:/program files (x86)/microchip/xc32/v1.40/bin/bin/../../lib/gcc/pic32mx/4.8.3/../../../../pic32mx/lib\libpic32.a(default-on-reset.o)
 .debug_line    0x00003241       0x88 c:/program files (x86)/microchip/xc32/v1.40/bin/bin/../../lib/gcc/pic32mx/4.8.3/../../../../pic32mx/lib\libpic32.a(default-on-bootstrap.o)
 .debug_line    0x000032c9       0x96 c:/program files (x86)/microchip/xc32/v1.40/bin/bin/../../lib/gcc/pic32mx/4.8.3/../../../../pic32mx/lib\libpic32.a(defaultinterrupt.o)

.debug_frame    0x00000000      0x680
 *(.debug_frame)
 .debug_frame   0x00000000       0x20 c:/program files (x86)/microchip/xc32/v1.40/bin/bin/../../lib/gcc/pic32mx/4.8.3/../../../../pic32mx/lib\software-debug-break.o
 .debug_frame   0x00000020       0x3c build/shiro_imu_conf/debug/_ext/1360937237/app.o
 .debug_frame   0x0000005c       0x28 build/shiro_imu_conf/debug/_ext/1360937237/main.o
 .debug_frame   0x00000084       0xe8 build/shiro_imu_conf/debug/_ext/1271179505/sys_devcon.o
 .debug_frame   0x0000016c       0x28 build/shiro_imu_conf/debug/_ext/1271179505/sys_devcon_pic32mx.o
 .debug_frame   0x00000194       0x90 build/shiro_imu_conf/debug/_ext/122796885/sys_int_pic32.o
 .debug_frame   0x00000224      0x1d0 build/shiro_imu_conf/debug/_ext/77319752/sys_ports.o
 .debug_frame   0x000003f4       0x90 build/shiro_imu_conf/debug/_ext/135633767/drv_usart_static.o
 .debug_frame   0x00000484       0x58 build/shiro_imu_conf/debug/_ext/1798460832/sys_clk_static.o
 .debug_frame   0x000004dc       0x20 build/shiro_imu_conf/debug/_ext/1058378512/sys_ports_static.o
 .debug_frame   0x000004fc       0x28 build/shiro_imu_conf/debug/_ext/575701897/system_init.o
 .debug_frame   0x00000524       0x80 build/shiro_imu_conf/debug/_ext/575701897/system_interrupt.o
 .debug_frame   0x000005a4       0x28 build/shiro_imu_conf/debug/_ext/575701897/system_exceptions.o
 .debug_frame   0x000005cc       0x28 build/shiro_imu_conf/debug/_ext/575701897/system_tasks.o
 .debug_frame   0x000005f4       0x2c c:/program files (x86)/microchip/xc32/v1.40/bin/bin/../../lib/gcc/pic32mx/4.8.3/../../../../pic32mx/lib\libpic32.a(default-bootstrap-exception-handler.o)
 .debug_frame   0x00000620       0x20 c:/program files (x86)/microchip/xc32/v1.40/bin/bin/../../lib/gcc/pic32mx/4.8.3/../../../../pic32mx/lib\libpic32.a(default-on-reset.o)
 .debug_frame   0x00000640       0x20 c:/program files (x86)/microchip/xc32/v1.40/bin/bin/../../lib/gcc/pic32mx/4.8.3/../../../../pic32mx/lib\libpic32.a(default-on-bootstrap.o)
 .debug_frame   0x00000660       0x20 c:/program files (x86)/microchip/xc32/v1.40/bin/bin/../../lib/gcc/pic32mx/4.8.3/../../../../pic32mx/lib\libpic32.a(defaultinterrupt.o)

.debug_str      0x00000000      0x202
 *(.debug_str)
 .debug_str     0x00000000        0x0 c:/program files (x86)/microchip/xc32/v1.40/bin/bin/../../lib/gcc/pic32mx/4.8.3/../../../../pic32mx/lib\software-debug-break.o
 .debug_str     0x00000000        0x0 build/shiro_imu_conf/debug/_ext/1360937237/app.o
 .debug_str     0x00000000        0x0 build/shiro_imu_conf/debug/_ext/1360937237/main.o
 .debug_str     0x00000000       0x16 build/shiro_imu_conf/debug/_ext/1271179505/sys_devcon.o
 .debug_str     0x00000016        0x6 build/shiro_imu_conf/debug/_ext/1271179505/sys_devcon_pic32mx.o
 .debug_str     0x0000001c       0x2d build/shiro_imu_conf/debug/_ext/122796885/sys_int_pic32.o
 .debug_str     0x00000049       0x98 build/shiro_imu_conf/debug/_ext/77319752/sys_ports.o
 .debug_str     0x000000e1       0x7a build/shiro_imu_conf/debug/_ext/135633767/drv_usart_static.o
 .debug_str     0x0000015b       0x46 build/shiro_imu_conf/debug/_ext/1798460832/sys_clk_static.o
 .debug_str     0x000001a1       0x56 build/shiro_imu_conf/debug/_ext/1058378512/sys_ports_static.o
 .debug_str     0x000001f7        0xb build/shiro_imu_conf/debug/_ext/575701897/system_init.o
 .debug_str     0x00000202        0x0 build/shiro_imu_conf/debug/_ext/575701897/system_interrupt.o
 .debug_str     0x00000202        0x0 build/shiro_imu_conf/debug/_ext/575701897/system_exceptions.o
 .debug_str     0x00000202        0x0 build/shiro_imu_conf/debug/_ext/575701897/system_tasks.o
 .debug_str     0x00000202        0x0 c:/program files (x86)/microchip/xc32/v1.40/bin/bin/../../lib/gcc/pic32mx/4.8.3/../../../../pic32mx/lib\libpic32.a(default-bootstrap-exception-handler.o)
 .debug_str     0x00000202        0x0 c:/program files (x86)/microchip/xc32/v1.40/bin/bin/../../lib/gcc/pic32mx/4.8.3/../../../../pic32mx/lib\libpic32.a(default-on-reset.o)
 .debug_str     0x00000202        0x0 c:/program files (x86)/microchip/xc32/v1.40/bin/bin/../../lib/gcc/pic32mx/4.8.3/../../../../pic32mx/lib\libpic32.a(default-on-bootstrap.o)
 .debug_str     0x00000202        0x0 c:/program files (x86)/microchip/xc32/v1.40/bin/bin/../../lib/gcc/pic32mx/4.8.3/../../../../pic32mx/lib\libpic32.a(defaultinterrupt.o)

.debug_loc      0x00000000     0x13a7
 *(.debug_loc)
 .debug_loc     0x00000000       0x6a build/shiro_imu_conf/debug/_ext/1360937237/app.o
 .debug_loc     0x0000006a       0x20 build/shiro_imu_conf/debug/_ext/1360937237/main.o
 .debug_loc     0x0000008a      0x150 build/shiro_imu_conf/debug/_ext/1271179505/sys_devcon.o
 .debug_loc     0x000001da       0xa5 build/shiro_imu_conf/debug/_ext/1271179505/sys_devcon_pic32mx.o
 .debug_loc     0x0000027f      0x10d build/shiro_imu_conf/debug/_ext/122796885/sys_int_pic32.o
 .debug_loc     0x0000038c      0xe64 build/shiro_imu_conf/debug/_ext/77319752/sys_ports.o
 .debug_loc     0x000011f0       0xb4 build/shiro_imu_conf/debug/_ext/135633767/drv_usart_static.o
 .debug_loc     0x000012a4       0x41 build/shiro_imu_conf/debug/_ext/1798460832/sys_clk_static.o
 .debug_loc     0x000012e5       0x41 build/shiro_imu_conf/debug/_ext/575701897/system_init.o
 .debug_loc     0x00001326       0x41 build/shiro_imu_conf/debug/_ext/575701897/system_interrupt.o
 .debug_loc     0x00001367       0x20 build/shiro_imu_conf/debug/_ext/575701897/system_exceptions.o
 .debug_loc     0x00001387       0x20 build/shiro_imu_conf/debug/_ext/575701897/system_tasks.o

.debug_macinfo
 *(.debug_macinfo)

.debug_weaknames
 *(.debug_weaknames)

.debug_funcnames
 *(.debug_funcnames)

.debug_typenames
 *(.debug_typenames)

.debug_varnames
 *(.debug_varnames)

.debug_pubtypes
 *(.debug_pubtypes)

.debug_ranges   0x00000000      0x2e8
 *(.debug_ranges)
 .debug_ranges  0x00000000       0x10 c:/program files (x86)/microchip/xc32/v1.40/bin/bin/../../lib/gcc/pic32mx/4.8.3/../../../../pic32mx/lib\software-debug-break.o
 .debug_ranges  0x00000010       0x18 build/shiro_imu_conf/debug/_ext/1360937237/app.o
 .debug_ranges  0x00000028       0x10 build/shiro_imu_conf/debug/_ext/1360937237/main.o
 .debug_ranges  0x00000038       0x68 build/shiro_imu_conf/debug/_ext/1271179505/sys_devcon.o
 .debug_ranges  0x000000a0       0x10 build/shiro_imu_conf/debug/_ext/1271179505/sys_devcon_pic32mx.o
 .debug_ranges  0x000000b0       0x50 build/shiro_imu_conf/debug/_ext/122796885/sys_int_pic32.o
 .debug_ranges  0x00000100       0xe8 build/shiro_imu_conf/debug/_ext/77319752/sys_ports.o
 .debug_ranges  0x000001e8       0x40 build/shiro_imu_conf/debug/_ext/135633767/drv_usart_static.o
 .debug_ranges  0x00000228       0x28 build/shiro_imu_conf/debug/_ext/1798460832/sys_clk_static.o
 .debug_ranges  0x00000250       0x10 build/shiro_imu_conf/debug/_ext/1058378512/sys_ports_static.o
 .debug_ranges  0x00000260       0x10 build/shiro_imu_conf/debug/_ext/575701897/system_init.o
 .debug_ranges  0x00000270       0x18 build/shiro_imu_conf/debug/_ext/575701897/system_interrupt.o
 .debug_ranges  0x00000288       0x10 build/shiro_imu_conf/debug/_ext/575701897/system_exceptions.o
 .debug_ranges  0x00000298       0x10 build/shiro_imu_conf/debug/_ext/575701897/system_tasks.o
 .debug_ranges  0x000002a8       0x10 c:/program files (x86)/microchip/xc32/v1.40/bin/bin/../../lib/gcc/pic32mx/4.8.3/../../../../pic32mx/lib\libpic32.a(default-bootstrap-exception-handler.o)
 .debug_ranges  0x000002b8       0x10 c:/program files (x86)/microchip/xc32/v1.40/bin/bin/../../lib/gcc/pic32mx/4.8.3/../../../../pic32mx/lib\libpic32.a(default-on-reset.o)
 .debug_ranges  0x000002c8       0x10 c:/program files (x86)/microchip/xc32/v1.40/bin/bin/../../lib/gcc/pic32mx/4.8.3/../../../../pic32mx/lib\libpic32.a(default-on-bootstrap.o)
 .debug_ranges  0x000002d8       0x10 c:/program files (x86)/microchip/xc32/v1.40/bin/bin/../../lib/gcc/pic32mx/4.8.3/../../../../pic32mx/lib\libpic32.a(defaultinterrupt.o)

.gnu.attributes
                0x00000000       0x10
 *(.gnu.attributes)
 .gnu.attributes
                0x00000000       0x10 c:/program files (x86)/microchip/xc32/v1.40/bin/bin/../../lib/gcc/pic32mx/4.8.3/../../../../pic32mx/lib\software-debug-break.o
 .gnu.attributes
                0x00000010       0x10 build/shiro_imu_conf/debug/_ext/1360937237/app.o
 .gnu.attributes
                0x00000020       0x10 build/shiro_imu_conf/debug/_ext/1360937237/main.o
 .gnu.attributes
                0x00000030       0x10 build/shiro_imu_conf/debug/_ext/1271179505/sys_devcon.o
 .gnu.attributes
                0x00000040       0x10 build/shiro_imu_conf/debug/_ext/1271179505/sys_devcon_pic32mx.o
 .gnu.attributes
                0x00000050       0x10 build/shiro_imu_conf/debug/_ext/122796885/sys_int_pic32.o
 .gnu.attributes
                0x00000060       0x10 build/shiro_imu_conf/debug/_ext/77319752/sys_ports.o
 .gnu.attributes
                0x00000070       0x10 build/shiro_imu_conf/debug/_ext/135633767/drv_usart_static.o
 .gnu.attributes
                0x00000080       0x10 build/shiro_imu_conf/debug/_ext/1798460832/sys_clk_static.o
 .gnu.attributes
                0x00000090       0x10 build/shiro_imu_conf/debug/_ext/1058378512/sys_ports_static.o
 .gnu.attributes
                0x000000a0       0x10 build/shiro_imu_conf/debug/_ext/575701897/system_init.o
 .gnu.attributes
                0x000000b0       0x10 build/shiro_imu_conf/debug/_ext/575701897/system_interrupt.o
 .gnu.attributes
                0x000000c0       0x10 build/shiro_imu_conf/debug/_ext/575701897/system_exceptions.o
 .gnu.attributes
                0x000000d0       0x10 build/shiro_imu_conf/debug/_ext/575701897/system_tasks.o
 .gnu.attributes
                0x000000e0       0x10 c:/program files (x86)/microchip/xc32/v1.40/bin/bin/../../lib/gcc/pic32mx/4.8.3/../../../../pic32mx/lib\libpic32.a(default-bootstrap-exception-handler.o)
 .gnu.attributes
                0x000000f0       0x10 c:/program files (x86)/microchip/xc32/v1.40/bin/bin/../../lib/gcc/pic32mx/4.8.3/../../../../pic32mx/lib\libpic32.a(default-on-reset.o)
 .gnu.attributes
                0x00000100       0x10 c:/program files (x86)/microchip/xc32/v1.40/bin/bin/../../lib/gcc/pic32mx/4.8.3/../../../../pic32mx/lib\libpic32.a(default-on-bootstrap.o)
 .gnu.attributes
                0x00000110       0x10 c:/program files (x86)/microchip/xc32/v1.40/bin/bin/../../lib/gcc/pic32mx/4.8.3/../../../../pic32mx/lib\libpic32.a(defaultinterrupt.o)
LOAD c:/program files (x86)/microchip/xc32/v1.40/bin/bin/../../lib/gcc/pic32mx/4.8.3\libgcc.a
START GROUP
LOAD c:/program files (x86)/microchip/xc32/v1.40/bin/bin/../../lib/gcc/pic32mx/4.8.3/../../../../pic32mx/lib\libpic32.a
LOAD c:/program files (x86)/microchip/xc32/v1.40/bin/bin/../../lib/gcc/pic32mx/4.8.3/../../../../pic32mx/lib\libdebug.a
LOAD c:/program files (x86)/microchip/xc32/v1.40/bin/bin/../../lib/gcc/pic32mx/4.8.3/../../../../pic32mx/lib\libpic32.a
LOAD c:/program files (x86)/microchip/xc32/v1.40/bin/bin/../../lib/gcc/pic32mx/4.8.3/../../../../pic32mx/lib\libm.a
LOAD c:/program files (x86)/microchip/xc32/v1.40/bin/bin/../../lib/gcc/pic32mx/4.8.3/../../../../pic32mx/lib\libe.a
LOAD c:/program files (x86)/microchip/xc32/v1.40/bin/bin/../../lib/gcc/pic32mx/4.8.3/../../../../pic32mx/lib\libdsp.a
LOAD c:/program files (x86)/microchip/xc32/v1.40/bin/bin/../../lib/gcc/pic32mx/4.8.3\libgcc.a
LOAD c:/program files (x86)/microchip/xc32/v1.40/bin/bin/../../lib/gcc/pic32mx/4.8.3/../../../../pic32mx/lib\libc.a
LOAD c:/program files (x86)/microchip/xc32/v1.40/bin/bin/../../lib/gcc/pic32mx/4.8.3/../../../../pic32mx/lib\libpic32.a
END GROUP
LOAD c:/program files (x86)/microchip/xc32/v1.40/bin/bin/../../lib/gcc/pic32mx/4.8.3\libgcc.a
OUTPUT(dist/shiro_imu_conf/debug/shiro_imu.X.debug.elf elf32-tradlittlemips)
LOAD stack
LOAD data_init

.reginfo        0x00000000       0x18
 .reginfo       0x00000000       0x18 c:/program files (x86)/microchip/xc32/v1.40/bin/bin/../../lib/gcc/pic32mx/4.8.3/../../../../pic32mx/lib/./proc/32MX220F032B/crt0_mips32r2.o

.stack          0xa0000288      0x400
 .stack         0xa0000288      0x400 stack

.data           0xa000021c       0x4c
 .data          0xa000021c       0x4c build/shiro_imu_conf/debug/_ext/575701897/system_exceptions.o

.text._IntHandlerDrvUsartInstance0
                0x9d000780      0x154
 .text._IntHandlerDrvUsartInstance0
                0x9d000780      0x154 build/shiro_imu_conf/debug/_ext/575701897/system_interrupt.o
                0x9d000780                _IntHandlerDrvUsartInstance0

.text.DRV_USART1_Initialize
                0x9d0008d4      0x108
 .text.DRV_USART1_Initialize
                0x9d0008d4      0x108 build/shiro_imu_conf/debug/_ext/135633767/drv_usart_static.o
                0x9d0008d4                DRV_USART1_Initialize

.text.DRV_USART0_Initialize
                0x9d0009dc       0xf0
 .text.DRV_USART0_Initialize
                0x9d0009dc       0xf0 build/shiro_imu_conf/debug/_ext/135633767/drv_usart_static.o
                0x9d0009dc                DRV_USART0_Initialize

.text.SYS_PORTS_Initialize
                0x9d000acc       0xdc
 .text.SYS_PORTS_Initialize
                0x9d000acc       0xdc build/shiro_imu_conf/debug/_ext/1058378512/sys_ports_static.o
                0x9d000acc                SYS_PORTS_Initialize

.rodata         0x9d000ba8       0xdc
 .rodata        0x9d000ba8       0xdc build/shiro_imu_conf/debug/_ext/575701897/system_exceptions.o

.text.general_exception
                0x9d000c84       0xdc
 .text.general_exception
                0x9d000c84       0xdc c:/program files (x86)/microchip/xc32/v1.40/bin/bin/../../lib/gcc/pic32mx/4.8.3/../../../../pic32mx/lib\libpic32.a(general-exception.o)
                0x9d000c84                _general_exception_context

.text.APP_Tasks
                0x9d000d60       0xa8
 .text.APP_Tasks
                0x9d000d60       0xa8 build/shiro_imu_conf/debug/_ext/1360937237/app.o
                0x9d000d60                APP_Tasks

.text._IntHandlerDrvUsartInstance1
                0x9d000e08       0x98
 .text._IntHandlerDrvUsartInstance1
                0x9d000e08       0x98 build/shiro_imu_conf/debug/_ext/575701897/system_interrupt.o
                0x9d000e08                _IntHandlerDrvUsartInstance1

.text.SYS_Initialize
                0x9d000ea0       0x74
 .text.SYS_Initialize
                0x9d000ea0       0x74 build/shiro_imu_conf/debug/_ext/575701897/system_init.o
                0x9d000ea0                SYS_Initialize

.text.SYS_CLK_Initialize
                0x9d000f14       0x70
 .text.SYS_CLK_Initialize
                0x9d000f14       0x70 build/shiro_imu_conf/debug/_ext/1798460832/sys_clk_static.o
                0x9d000f14                SYS_CLK_Initialize

.dinit          0x9d000f84       0x70
 .dinit         0x9d000f84       0x70 data_init

.text.SYS_DEVCON_PerformanceConfig
                0x9d000ff4       0x60
 .text.SYS_DEVCON_PerformanceConfig
                0x9d000ff4       0x60 build/shiro_imu_conf/debug/_ext/1271179505/sys_devcon_pic32mx.o
                0x9d000ff4                SYS_DEVCON_PerformanceConfig

.text.SYS_DEVCON_SystemUnlock
                0x9d001054       0x58
 .text.SYS_DEVCON_SystemUnlock
                0x9d001054       0x58 build/shiro_imu_conf/debug/_ext/1271179505/sys_devcon.o
                0x9d001054                SYS_DEVCON_SystemUnlock

.text.main_entry
                0x9d0010ac       0x54
 .text.main_entry
                0x9d0010ac       0x54 c:/program files (x86)/microchip/xc32/v1.40/bin/bin/../../lib/gcc/pic32mx/4.8.3/../../../../pic32mx/lib/./proc/32MX220F032B/crt0_mips32r2.o
                0x9d0010e0                __crt0_exit

.text.SYS_DEVCON_SystemLock
                0x9d001100       0x48
 .text.SYS_DEVCON_SystemLock
                0x9d001100       0x48 build/shiro_imu_conf/debug/_ext/1271179505/sys_devcon.o
                0x9d001100                SYS_DEVCON_SystemLock

.text._bootstrap_exception_handler
                0x9d001148       0x48
 .text._bootstrap_exception_handler
                0x9d001148       0x48 c:/program files (x86)/microchip/xc32/v1.40/bin/bin/../../lib/gcc/pic32mx/4.8.3/../../../../pic32mx/lib\libpic32.a(default-bootstrap-exception-handler.o)
                0x9d001148                _bootstrap_exception_handler

.vector_default
                0x9d001190       0x48
 .vector_default
                0x9d001190       0x48 c:/program files (x86)/microchip/xc32/v1.40/bin/bin/../../lib/gcc/pic32mx/4.8.3/../../../../pic32mx/lib\libpic32.a(defaultinterrupt.o)
                0x9d001190                _DefaultInterrupt

.text._general_exception_handler
                0x9d0011d8       0x44
 .text._general_exception_handler
                0x9d0011d8       0x44 build/shiro_imu_conf/debug/_ext/575701897/system_exceptions.o
                0x9d0011d8                _general_exception_handler

.text           0x9d00121c       0x44
 .text          0x9d00121c       0x44 c:/program files (x86)/microchip/xc32/v1.40/bin/bin/../../lib/gcc/pic32mx/4.8.3/../../../../pic32mx/lib\pic32_software_reset.o
                0x9d00121c                __pic32_software_reset

.text.DRV_USART0_ReadByte
                0x9d001260       0x30
 .text.DRV_USART0_ReadByte
                0x9d001260       0x30 build/shiro_imu_conf/debug/_ext/135633767/drv_usart_static.o
                0x9d001260                DRV_USART0_ReadByte

.text.DRV_USART1_WriteByte
                0x9d001290       0x2c
 .text.DRV_USART1_WriteByte
                0x9d001290       0x2c build/shiro_imu_conf/debug/_ext/135633767/drv_usart_static.o
                0x9d001290                DRV_USART1_WriteByte

.text.SYS_Tasks
                0x9d0012bc       0x24
 .text.SYS_Tasks
                0x9d0012bc       0x24 build/shiro_imu_conf/debug/_ext/575701897/system_tasks.o
                0x9d0012bc                SYS_Tasks

.text.main      0x9d0012e0       0x20
 .text.main     0x9d0012e0       0x20 build/shiro_imu_conf/debug/_ext/1360937237/main.o
                0x9d0012e0                main

.text.SYS_INT_Initialize
                0x9d001300       0x18
 .text.SYS_INT_Initialize
                0x9d001300       0x18 build/shiro_imu_conf/debug/_ext/122796885/sys_int_pic32.o
                0x9d001300                SYS_INT_Initialize

.text           0x9d001318       0x18
 .text          0x9d001318       0x18 c:/program files (x86)/microchip/xc32/v1.40/bin/bin/../../lib/gcc/pic32mx/4.8.3/../../../../pic32mx/lib\libpic32.a(default-nmi-handler.o)
                0x9d001318                _nmi_handler

.rodata         0x9d001330       0x14
 .rodata        0x9d001330       0x14 build/shiro_imu_conf/debug/_ext/1360937237/app.o

.text.SYS_DEVCON_Initialize
                0x9d001344       0x14
 .text.SYS_DEVCON_Initialize
                0x9d001344       0x14 build/shiro_imu_conf/debug/_ext/1271179505/sys_devcon.o
                0x9d001344                SYS_DEVCON_Initialize

.text.__exception_handler_break
                0x9d001358        0xc
 .text.__exception_handler_break
                0x9d001358        0xc c:/program files (x86)/microchip/xc32/v1.40/bin/bin/../../lib/gcc/pic32mx/4.8.3/../../../../pic32mx/lib\software-debug-break.o
                0x9d001358                __exception_handler_break

.text.SYS_CLK_SystemFrequencyGet
                0x9d001364        0xc
 .text.SYS_CLK_SystemFrequencyGet
                0x9d001364        0xc build/shiro_imu_conf/debug/_ext/1798460832/sys_clk_static.o
                0x9d001364                SYS_CLK_SystemFrequencyGet

.text.SYS_CLK_PeripheralFrequencyGet
                0x9d001370        0xc
 .text.SYS_CLK_PeripheralFrequencyGet
                0x9d001370        0xc build/shiro_imu_conf/debug/_ext/1798460832/sys_clk_static.o
                0x9d001370                SYS_CLK_PeripheralFrequencyGet

.text.APP_Initialize
                0x9d00137c        0x8
 .text.APP_Initialize
                0x9d00137c        0x8 build/shiro_imu_conf/debug/_ext/1360937237/app.o
                0x9d00137c                APP_Initialize

.text.SYS_DEVCON_Tasks
                0x9d001384        0x8
 .text.SYS_DEVCON_Tasks
                0x9d001384        0x8 build/shiro_imu_conf/debug/_ext/1271179505/sys_devcon.o
                0x9d001384                SYS_DEVCON_Tasks

.text._on_reset
                0x9d00138c        0x8
 .text._on_reset
                0x9d00138c        0x8 c:/program files (x86)/microchip/xc32/v1.40/bin/bin/../../lib/gcc/pic32mx/4.8.3/../../../../pic32mx/lib\libpic32.a(default-on-reset.o)
                0x9d00138c                _on_reset

.text._on_bootstrap
                0x9d001394        0x8
 .text._on_bootstrap
                0x9d001394        0x8 c:/program files (x86)/microchip/xc32/v1.40/bin/bin/../../lib/gcc/pic32mx/4.8.3/../../../../pic32mx/lib\libpic32.a(default-on-bootstrap.o)
                0x9d001394                _on_bootstrap

.rodata         0x9d00139c        0x4
 .rodata        0x9d00139c        0x4 build/shiro_imu_conf/debug/_ext/575701897/system_init.o
                0x9d00139c                sysDevconInit
